Archive member included to satisfy reference by file (symbol)

c:/st/stm32cubeide_1.7.0/stm32cubeide/plugins/com.st.stm32cube.ide.mcu.externaltools.gnu-tools-for-stm32.9-2020-q2-update.win32_2.0.0.202105311346/tools/bin/../lib/gcc/arm-none-eabi/9.3.1/../../../../arm-none-eabi/lib/thumb/v7e-m+fp/hard\libc_nano.a(lib_a-errno.o)
                              ./Core/Src/syscalls.o (__errno)
c:/st/stm32cubeide_1.7.0/stm32cubeide/plugins/com.st.stm32cube.ide.mcu.externaltools.gnu-tools-for-stm32.9-2020-q2-update.win32_2.0.0.202105311346/tools/bin/../lib/gcc/arm-none-eabi/9.3.1/../../../../arm-none-eabi/lib/thumb/v7e-m+fp/hard\libc_nano.a(lib_a-exit.o)
                              c:/st/stm32cubeide_1.7.0/stm32cubeide/plugins/com.st.stm32cube.ide.mcu.externaltools.gnu-tools-for-stm32.9-2020-q2-update.win32_2.0.0.202105311346/tools/bin/../lib/gcc/arm-none-eabi/9.3.1/../../../../arm-none-eabi/lib/thumb/v7e-m+fp/hard/crt0.o (exit)
c:/st/stm32cubeide_1.7.0/stm32cubeide/plugins/com.st.stm32cube.ide.mcu.externaltools.gnu-tools-for-stm32.9-2020-q2-update.win32_2.0.0.202105311346/tools/bin/../lib/gcc/arm-none-eabi/9.3.1/../../../../arm-none-eabi/lib/thumb/v7e-m+fp/hard\libc_nano.a(lib_a-impure.o)
                              c:/st/stm32cubeide_1.7.0/stm32cubeide/plugins/com.st.stm32cube.ide.mcu.externaltools.gnu-tools-for-stm32.9-2020-q2-update.win32_2.0.0.202105311346/tools/bin/../lib/gcc/arm-none-eabi/9.3.1/../../../../arm-none-eabi/lib/thumb/v7e-m+fp/hard\libc_nano.a(lib_a-exit.o) (_global_impure_ptr)
c:/st/stm32cubeide_1.7.0/stm32cubeide/plugins/com.st.stm32cube.ide.mcu.externaltools.gnu-tools-for-stm32.9-2020-q2-update.win32_2.0.0.202105311346/tools/bin/../lib/gcc/arm-none-eabi/9.3.1/../../../../arm-none-eabi/lib/thumb/v7e-m+fp/hard\libc_nano.a(lib_a-init.o)
                              c:/st/stm32cubeide_1.7.0/stm32cubeide/plugins/com.st.stm32cube.ide.mcu.externaltools.gnu-tools-for-stm32.9-2020-q2-update.win32_2.0.0.202105311346/tools/bin/../lib/gcc/arm-none-eabi/9.3.1/../../../../arm-none-eabi/lib/thumb/v7e-m+fp/hard/crt0.o (__libc_init_array)
c:/st/stm32cubeide_1.7.0/stm32cubeide/plugins/com.st.stm32cube.ide.mcu.externaltools.gnu-tools-for-stm32.9-2020-q2-update.win32_2.0.0.202105311346/tools/bin/../lib/gcc/arm-none-eabi/9.3.1/../../../../arm-none-eabi/lib/thumb/v7e-m+fp/hard\libc_nano.a(lib_a-malloc.o)
                              ./Core/Src/leaderboard.o (malloc)
c:/st/stm32cubeide_1.7.0/stm32cubeide/plugins/com.st.stm32cube.ide.mcu.externaltools.gnu-tools-for-stm32.9-2020-q2-update.win32_2.0.0.202105311346/tools/bin/../lib/gcc/arm-none-eabi/9.3.1/../../../../arm-none-eabi/lib/thumb/v7e-m+fp/hard\libc_nano.a(lib_a-memset.o)
                              c:/st/stm32cubeide_1.7.0/stm32cubeide/plugins/com.st.stm32cube.ide.mcu.externaltools.gnu-tools-for-stm32.9-2020-q2-update.win32_2.0.0.202105311346/tools/bin/../lib/gcc/arm-none-eabi/9.3.1/../../../../arm-none-eabi/lib/thumb/v7e-m+fp/hard/crt0.o (memset)
c:/st/stm32cubeide_1.7.0/stm32cubeide/plugins/com.st.stm32cube.ide.mcu.externaltools.gnu-tools-for-stm32.9-2020-q2-update.win32_2.0.0.202105311346/tools/bin/../lib/gcc/arm-none-eabi/9.3.1/../../../../arm-none-eabi/lib/thumb/v7e-m+fp/hard\libc_nano.a(lib_a-nano-freer.o)
                              c:/st/stm32cubeide_1.7.0/stm32cubeide/plugins/com.st.stm32cube.ide.mcu.externaltools.gnu-tools-for-stm32.9-2020-q2-update.win32_2.0.0.202105311346/tools/bin/../lib/gcc/arm-none-eabi/9.3.1/../../../../arm-none-eabi/lib/thumb/v7e-m+fp/hard\libc_nano.a(lib_a-malloc.o) (_free_r)
c:/st/stm32cubeide_1.7.0/stm32cubeide/plugins/com.st.stm32cube.ide.mcu.externaltools.gnu-tools-for-stm32.9-2020-q2-update.win32_2.0.0.202105311346/tools/bin/../lib/gcc/arm-none-eabi/9.3.1/../../../../arm-none-eabi/lib/thumb/v7e-m+fp/hard\libc_nano.a(lib_a-nano-mallocr.o)
                              c:/st/stm32cubeide_1.7.0/stm32cubeide/plugins/com.st.stm32cube.ide.mcu.externaltools.gnu-tools-for-stm32.9-2020-q2-update.win32_2.0.0.202105311346/tools/bin/../lib/gcc/arm-none-eabi/9.3.1/../../../../arm-none-eabi/lib/thumb/v7e-m+fp/hard\libc_nano.a(lib_a-malloc.o) (_malloc_r)
c:/st/stm32cubeide_1.7.0/stm32cubeide/plugins/com.st.stm32cube.ide.mcu.externaltools.gnu-tools-for-stm32.9-2020-q2-update.win32_2.0.0.202105311346/tools/bin/../lib/gcc/arm-none-eabi/9.3.1/../../../../arm-none-eabi/lib/thumb/v7e-m+fp/hard\libc_nano.a(lib_a-rand.o)
                              ./Core/Src/snake.o (rand)
c:/st/stm32cubeide_1.7.0/stm32cubeide/plugins/com.st.stm32cube.ide.mcu.externaltools.gnu-tools-for-stm32.9-2020-q2-update.win32_2.0.0.202105311346/tools/bin/../lib/gcc/arm-none-eabi/9.3.1/../../../../arm-none-eabi/lib/thumb/v7e-m+fp/hard\libc_nano.a(lib_a-sbrkr.o)
[...]
Memory Configuration

Name             Origin             Length             Attributes
CCMRAM           0x0000000010000000 0x0000000000010000 xrw
RAM              0x0000000020000000 0x0000000000020000 xrw
FLASH            0x0000000008000000 0x0000000000100000 xr
*default*        0x0000000000000000 0xffffffffffffffff

Linker script and memory map

LOAD c:/st/stm32cubeide_1.7.0/stm32cubeide/plugins/com.st.stm32cube.ide.mcu.externaltools.gnu-tools-for-stm32.9-2020-q2-update.win32_2.0.0.202105311346/tools/bin/../lib/gcc/arm-none-eabi/9.3.1/thumb/v7e-m+fp/hard/crti.o
LOAD c:/st/stm32cubeide_1.7.0/stm32cubeide/plugins/com.st.stm32cube.ide.mcu.externaltools.gnu-tools-for-stm32.9-2020-q2-update.win32_2.0.0.202105311346/tools/bin/../lib/gcc/arm-none-eabi/9.3.1/thumb/v7e-m+fp/hard/crtbegin.o
LOAD c:/st/stm32cubeide_1.7.0/stm32cubeide/plugins/com.st.stm32cube.ide.mcu.externaltools.gnu-tools-for-stm32.9-2020-q2-update.win32_2.0.0.202105311346/tools/bin/../lib/gcc/arm-none-eabi/9.3.1/../../../../arm-none-eabi/lib/thumb/v7e-m+fp/hard/crt0.o
LOAD ./Core/Src/adc.o
LOAD ./Core/Src/at24c.o
LOAD ./Core/Src/button.o
LOAD ./Core/Src/buzzer.o
LOAD ./Core/Src/dma.o
LOAD ./Core/Src/ds3231.o
LOAD ./Core/Src/fsm.o
LOAD ./Core/Src/fsmc.o
LOAD ./Core/Src/gpio.o
LOAD ./Core/Src/i2c.o
LOAD ./Core/Src/lcd.o
LOAD ./Core/Src/leaderboard.o
LOAD ./Core/Src/led_7seg.o
LOAD ./Core/Src/main.o
LOAD ./Core/Src/picture.o
LOAD ./Core/Src/screen.o
LOAD ./Core/Src/sensor.o
LOAD ./Core/Src/snake.o
LOAD ./Core/Src/software_timer.o
LOAD ./Core/Src/spi.o
LOAD ./Core/Src/stm32f4xx_hal_msp.o
LOAD ./Core/Src/stm32f4xx_it.o
LOAD ./Core/Src/syscalls.o
LOAD ./Core/Src/sysmem.o
LOAD ./Core/Src/system_stm32f4xx.o
LOAD ./Core/Src/tim.o
LOAD ./Core/Src/touch.o
LOAD ./Core/Src/touch_screen.o
LOAD ./Core/Src/uart.o
LOAD ./Core/Src/usart.o
LOAD ./Core/Src/utils.o
LOAD ./Core/Startup/startup_stm32f407zetx.o
LOAD ./Drivers/STM32F4xx_HAL_Driver/Src/stm32f4xx_hal.o
LOAD ./Drivers/STM32F4xx_HAL_Driver/Src/stm32f4xx_hal_adc.o
LOAD ./Drivers/STM32F4xx_HAL_Driver/Src/stm32f4xx_hal_adc_ex.o
LOAD ./Drivers/STM32F4xx_HAL_Driver/Src/stm32f4xx_hal_cortex.o
LOAD ./Drivers/STM32F4xx_HAL_Driver/Src/stm32f4xx_hal_dma.o
LOAD ./Drivers/STM32F4xx_HAL_Driver/Src/stm32f4xx_hal_dma_ex.o
LOAD ./Drivers/STM32F4xx_HAL_Driver/Src/stm32f4xx_hal_exti.o
LOAD ./Drivers/STM32F4xx_HAL_Driver/Src/stm32f4xx_hal_flash.o
LOAD ./Drivers/STM32F4xx_HAL_Driver/Src/stm32f4xx_hal_flash_ex.o
LOAD ./Drivers/STM32F4xx_HAL_Driver/Src/stm32f4xx_hal_flash_ramfunc.o
LOAD ./Drivers/STM32F4xx_HAL_Driver/Src/stm32f4xx_hal_gpio.o
LOAD ./Drivers/STM32F4xx_HAL_Driver/Src/stm32f4xx_hal_i2c.o
LOAD ./Drivers/STM32F4xx_HAL_Driver/Src/stm32f4xx_hal_i2c_ex.o
LOAD ./Drivers/STM32F4xx_HAL_Driver/Src/stm32f4xx_hal_pwr.o
LOAD ./Drivers/STM32F4xx_HAL_Driver/Src/stm32f4xx_hal_pwr_ex.o
LOAD ./Drivers/STM32F4xx_HAL_Driver/Src/stm32f4xx_hal_rcc.o
LOAD ./Drivers/STM32F4xx_HAL_Driver/Src/stm32f4xx_hal_rcc_ex.o
LOAD ./Drivers/STM32F4xx_HAL_Driver/Src/stm32f4xx_hal_spi.o
LOAD ./Drivers/STM32F4xx_HAL_Driver/Src/stm32f4xx_hal_sram.o
LOAD ./Drivers/STM32F4xx_HAL_Driver/Src/stm32f4xx_hal_tim.o
LOAD ./Drivers/STM32F4xx_HAL_Driver/Src/stm32f4xx_hal_tim_ex.o
LOAD ./Drivers/STM32F4xx_HAL_Driver/Src/stm32f4xx_hal_uart.o
LOAD ./Drivers/STM32F4xx_HAL_Driver/Src/stm32f4xx_ll_adc.o
LOAD ./Drivers/STM32F4xx_HAL_Driver/Src/stm32f4xx_ll_fsmc.o
START GROUP
LOAD c:/st/stm32cubeide_1.7.0/stm32cubeide/plugins/com.st.stm32cube.ide.mcu.externaltools.gnu-tools-for-stm32.9-2020-q2-update.win32_2.0.0.202105311346/tools/bin/../lib/gcc/arm-none-eabi/9.3.1/../../../../arm-none-eabi/lib/thumb/v7e-m+fp/hard\libc_nano.a
LOAD c:/st/stm32cubeide_1.7.0/stm32cubeide/plugins/com.st.stm32cube.ide.mcu.externaltools.gnu-tools-for-stm32.9-2020-q2-update.win32_2.0.0.202105311346/tools/bin/../lib/gcc/arm-none-eabi/9.3.1/../../../../arm-none-eabi/lib/thumb/v7e-m+fp/hard\libm.a
END GROUP
START GROUP
LOAD c:/st/stm32cubeide_1.7.0/stm32cubeide/plugins/com.st.stm32cube.ide.mcu.externaltools.gnu-tools-for-stm32.9-2020-q2-update.win32_2.0.0.202105311346/tools/bin/../lib/gcc/arm-none-eabi/9.3.1/thumb/v7e-m+fp/hard\libgcc.a
LOAD c:/st/stm32cubeide_1.7.0/stm32cubeide/plugins/com.st.stm32cube.ide.mcu.externaltools.gnu-tools-for-stm32.9-2020-q2-update.win32_2.0.0.202105311346/tools/bin/../lib/gcc/arm-none-eabi/9.3.1/../../../../arm-none-eabi/lib/thumb/v7e-m+fp/hard\libc_nano.a
END GROUP
START GROUP
LOAD c:/st/stm32cubeide_1.7.0/stm32cubeide/plugins/com.st.stm32cube.ide.mcu.externaltools.gnu-tools-for-stm32.9-2020-q2-update.win32_2.0.0.202105311346/tools/bin/../lib/gcc/arm-none-eabi/9.3.1/thumb/v7e-m+fp/hard\libgcc.a
LOAD c:/st/stm32cubeide_1.7.0/stm32cubeide/plugins/com.st.stm32cube.ide.mcu.externaltools.gnu-tools-for-stm32.9-2020-q2-update.win32_2.0.0.202105311346/tools/bin/../lib/gcc/arm-none-eabi/9.3.1/../../../../arm-none-eabi/lib/thumb/v7e-m+fp/hard\libc_nano.a
LOAD c:/st/stm32cubeide_1.7.0/stm32cubeide/plugins/com.st.stm32cube.ide.mcu.externaltools.gnu-tools-for-stm32.9-2020-q2-update.win32_2.0.0.202105311346/tools/bin/../lib/gcc/arm-none-eabi/9.3.1/../../../../arm-none-eabi/lib/thumb/v7e-m+fp/hard\libnosys.a
END GROUP
START GROUP
LOAD c:/st/stm32cubeide_1.7.0/stm32cubeide/plugins/com.st.stm32cube.ide.mcu.externaltools.gnu-tools-for-stm32.9-2020-q2-update.win32_2.0.0.202105311346/tools/bin/../lib/gcc/arm-none-eabi/9.3.1/thumb/v7e-m+fp/hard\libgcc.a
LOAD c:/st/stm32cubeide_1.7.0/stm32cubeide/plugins/com.st.stm32cube.ide.mcu.externaltools.gnu-tools-for-stm32.9-2020-q2-update.win32_2.0.0.202105311346/tools/bin/../lib/gcc/arm-none-eabi/9.3.1/../../../../arm-none-eabi/lib/thumb/v7e-m+fp/hard\libc_nano.a
LOAD c:/st/stm32cubeide_1.7.0/stm32cubeide/plugins/com.st.stm32cube.ide.mcu.externaltools.gnu-tools-for-stm32.9-2020-q2-update.win32_2.0.0.202105311346/tools/bin/../lib/gcc/arm-none-eabi/9.3.1/../../../../arm-none-eabi/lib/thumb/v7e-m+fp/hard\libnosys.a
END GROUP
LOAD c:/st/stm32cubeide_1.7.0/stm32cubeide/plugins/com.st.stm32cube.ide.mcu.externaltools.gnu-tools-for-stm32.9-2020-q2-update.win32_2.0.0.202105311346/tools/bin/../lib/gcc/arm-none-eabi/9.3.1/thumb/v7e-m+fp/hard/crtend.o
LOAD c:/st/stm32cubeide_1.7.0/stm32cubeide/plugins/com.st.stm32cube.ide.mcu.externaltools.gnu-tools-for-stm32.9-2020-q2-update.win32_2.0.0.202105311346/tools/bin/../lib/gcc/arm-none-eabi/9.3.1/thumb/v7e-m+fp/hard/crtn.o
                0x0000000020020000                _estack = (ORIGIN (RAM) + LENGTH (RAM))
                0x0000000000000200                _Min_Heap_Size = 0x200
                0x0000000000000400                _Min_Stack_Size = 0x400

.isr_vector     0x0000000008000000      0x188
                0x0000000008000000                . = ALIGN (0x4)
 *(.isr_vector)
 .isr_vector    0x0000000008000000      0x188 ./Core/Startup/startup_stm32f407zetx.o
                0x0000000008000000                g_pfnVectors
                0x0000000008000188                . = ALIGN (0x4)

.text           0x0000000008000190     0xad30
                0x0000000008000190                . = ALIGN (0x4)
 *(.text)
 .text          0x0000000008000190       0x40 c:/st/stm32cubeide_1.7.0/stm32cubeide/plugins/com.st.stm32cube.ide.mcu.externaltools.gnu-tools-for-stm32.9-2020-q2-update.win32_2.0.0.202105311346/tools/bin/../lib/gcc/arm-none-eabi/9.3.1/thumb/v7e-m+fp/hard/crtbegin.o
 .text          0x00000000080001d0       0xa0 c:/st/stm32cubeide_1.7.0/stm32cubeide/plugins/com.st.stm32cube.ide.mcu.externaltools.gnu-tools-for-stm32.9-2020-q2-update.win32_2.0.0.202105311346/tools/bin/../lib/gcc/arm-none-eabi/9.3.1/../../../../arm-none-eabi/lib/thumb/v7e-m+fp/hard\libc_nano.a(lib_a-memchr.o)
                0x00000000080001d0                memchr
 .text          0x0000000008000270      0x378 c:/st/stm32cubeide_1.7.0/stm32cubeide/plugins/com.st.stm32cube.ide.mcu.externaltools.gnu-tools-for-stm32.9-2020-q2-update.win32_2.0.0.202105311346/tools/bin/../lib/gcc/arm-none-eabi/9.3.1/thumb/v7e-m+fp/hard\libgcc.a(_arm_addsubdf3.o)
                0x0000000008000270                __aeabi_drsub
                0x0000000008000278                __aeabi_dsub
                0x0000000008000278                __subdf3
                0x000000000800027c                __aeabi_dadd
                0x000000000800027c                __adddf3
                0x00000000080004f4                __floatunsidf
                0x00000000080004f4                __aeabi_ui2d
                0x0000000008000514                __floatsidf
                0x0000000008000514                __aeabi_i2d
                0x0000000008000538                __aeabi_f2d
                0x0000000008000538                __extendsfdf2
                0x000000000800057c                __floatundidf
                0x000000000800057c                __aeabi_ul2d
                0x000000000800058c                __floatdidf
                0x000000000800058c                __aeabi_l2d
 .text          0x00000000080005e8      0x424 c:/st/stm32cubeide_1.7.0/stm32cubeide/plugins/com.st.stm32cube.ide.mcu.externaltools.gnu-tools-for-stm32.9-2020-q2-update.win32_2.0.0.202105311346/tools/bin/../lib/gcc/arm-none-eabi/9.3.1/thumb/v7e-m+fp/hard\libgcc.a(_arm_muldivdf3.o)
                0x00000000080005e8                __aeabi_dmul
                0x00000000080005e8                __muldf3
                0x000000000800083c                __divdf3
                0x000000000800083c                __aeabi_ddiv
 .text          0x0000000008000a0c      0x110 c:/st/stm32cubeide_1.7.0/stm32cubeide/plugins/com.st.stm32cube.ide.mcu.externaltools.gnu-tools-for-stm32.9-2020-q2-update.win32_2.0.0.202105311346/tools/bin/../lib/gcc/arm-none-eabi/9.3.1/thumb/v7e-m+fp/hard\libgcc.a(_arm_cmpdf2.o)
                0x0000000008000a0c                __gtdf2
                0x0000000008000a0c                __gedf2
                0x0000000008000a14                __ltdf2
                0x0000000008000a14                __ledf2
                0x0000000008000a1c                __nedf2
                0x0000000008000a1c                __eqdf2
                0x0000000008000a1c                __cmpdf2
                0x0000000008000a98                __aeabi_cdrcmple
                0x0000000008000aa8                __aeabi_cdcmpeq
                0x0000000008000aa8                __aeabi_cdcmple
                0x0000000008000ab8                __aeabi_dcmpeq
                0x0000000008000acc                __aeabi_dcmplt
                0x0000000008000ae0                __aeabi_dcmple
                0x0000000008000af4                __aeabi_dcmpge
                0x0000000008000b08                __aeabi_dcmpgt
 .text          0x0000000008000b1c       0x2c c:/st/stm32cubeide_1.7.0/stm32cubeide/plugins/com.st.stm32cube.ide.mcu.externaltools.gnu-tools-for-stm32.9-2020-q2-update.win32_2.0.0.202105311346/tools/bin/../lib/gcc/arm-none-eabi/9.3.1/thumb/v7e-m+fp/hard\libgcc.a(_arm_unorddf2.o)
                0x0000000008000b1c                __unorddf2
                0x0000000008000b1c                __aeabi_dcmpun
 .text          0x0000000008000b48       0x40 c:/st/stm32cubeide_1.7.0/stm32cubeide/plugins/com.st.stm32cube.ide.mcu.externaltools.gnu-tools-for-stm32.9-2020-q2-update.win32_2.0.0.202105311346/tools/bin/../lib/gcc/arm-none-eabi/9.3.1/thumb/v7e-m+fp/hard\libgcc.a(_arm_fixunsdfsi.o)
                0x0000000008000b48                __aeabi_d2uiz
                0x0000000008000b48                __fixunsdfsi
 .text          0x0000000008000b88       0x30 c:/st/stm32cubeide_1.7.0/stm32cubeide/plugins/com.st.stm32cube.ide.mcu.externaltools.gnu-tools-for-stm32.9-2020-q2-update.win32_2.0.0.202105311346/tools/bin/../lib/gcc/arm-none-eabi/9.3.1/thumb/v7e-m+fp/hard\libgcc.a(_aeabi_uldivmod.o)
                0x0000000008000b88                __aeabi_uldivmod
 .text          0x0000000008000bb8      0x2c4 c:/st/stm32cubeide_1.7.0/stm32cubeide/plugins/com.st.stm32cube.ide.mcu.externaltools.gnu-tools-for-stm32.9-2020-q2-update.win32_2.0.0.202105311346/tools/bin/../lib/gcc/arm-none-eabi/9.3.1/thumb/v7e-m+fp/hard\libgcc.a(_udivmoddi4.o)
                0x0000000008000bb8                __udivmoddi4
 .text          0x0000000008000e7c        0x4 c:/st/stm32cubeide_1.7.0/stm32cubeide/plugins/com.st.stm32cube.ide.mcu.externaltools.gnu-tools-for-stm32.9-2020-q2-update.win32_2.0.0.202105311346/tools/bin/../lib/gcc/arm-none-eabi/9.3.1/thumb/v7e-m+fp/hard\libgcc.a(_dvmd_tls.o)
                0x0000000008000e7c                __aeabi_idiv0
                0x0000000008000e7c                __aeabi_ldiv0
 *(.text*)
 .text.MX_ADC1_Init
                0x0000000008000e80      0x114 ./Core/Src/adc.o
                0x0000000008000e80                MX_ADC1_Init
 .text.HAL_ADC_MspInit
                0x0000000008000f94      0x128 ./Core/Src/adc.o
                0x0000000008000f94                HAL_ADC_MspInit
 .text.at24c_init
                0x00000000080010bc        0xc ./Core/Src/at24c.o
                0x00000000080010bc                at24c_init
 .text.at24c_ReadOneByte
                0x00000000080010c8       0x38 ./Core/Src/at24c.o
                0x00000000080010c8                at24c_ReadOneByte
 .text.at24c_WriteOneByte
                0x0000000008001100       0x3c ./Core/Src/at24c.o
                0x0000000008001100                at24c_WriteOneByte
 .text.at24c_Check
                0x000000000800113c       0x46 ./Core/Src/at24c.o
 .text.at24c_Read
                0x0000000008001182       0x3e ./Core/Src/at24c.o
                0x0000000008001182                at24c_Read
 .text.at24c_Write
                0x00000000080011c0       0x40 ./Core/Src/at24c.o
                0x00000000080011c0                at24c_Write
 .text.MX_DMA_Init
                0x0000000008001200       0x40 ./Core/Src/dma.o
                0x0000000008001200                MX_DMA_Init
 .text.fsm_machine
                0x0000000008001240      0x1c8 ./Core/Src/fsm.o
                0x0000000008001240                fsm_machine
 .text.MX_FSMC_Init
                0x0000000008001408       0xf4 ./Core/Src/fsmc.o
                0x0000000008001408                MX_FSMC_Init
 .text.HAL_FSMC_MspInit
                0x00000000080014fc       0x98 ./Core/Src/fsmc.o
 .text.HAL_SRAM_MspInit
                0x0000000008001594       0x14 ./Core/Src/fsmc.o
                0x0000000008001594                HAL_SRAM_MspInit
 .text.MX_GPIO_Init
                0x00000000080015a8      0x22c ./Core/Src/gpio.o
                0x00000000080015a8                MX_GPIO_Init
 .text.MX_I2C1_Init
                0x00000000080017d4       0x5c ./Core/Src/i2c.o
                0x00000000080017d4                MX_I2C1_Init
 .text.HAL_I2C_MspInit
                0x0000000008001830       0x90 ./Core/Src/i2c.o
                0x0000000008001830                HAL_I2C_MspInit
 .text.LCD_WR_REG
                0x00000000080018c0       0x20 ./Core/Src/lcd.o
                0x00000000080018c0                LCD_WR_REG
 .text.LCD_WR_DATA
                0x00000000080018e0       0x20 ./Core/Src/lcd.o
                0x00000000080018e0                LCD_WR_DATA
 .text.LCD_RD_DATA
                0x0000000008001900       0x24 ./Core/Src/lcd.o
                0x0000000008001900                LCD_RD_DATA
 .text.lcd_AddressSet
                0x0000000008001924       0x98 ./Core/Src/lcd.o
                0x0000000008001924                lcd_AddressSet
 .text.lcd_Clear
                0x00000000080019bc       0x64 ./Core/Src/lcd.o
                0x00000000080019bc                lcd_Clear
 .text.lcd_Fill
                0x0000000008001a20       0x6c ./Core/Src/lcd.o
                0x0000000008001a20                lcd_Fill
 .text.lcd_DrawPoint
                0x0000000008001a8c       0x2e ./Core/Src/lcd.o
                0x0000000008001a8c                lcd_DrawPoint
 .text.lcd_DrawLine
                0x0000000008001aba      0x108 ./Core/Src/lcd.o
                0x0000000008001aba                lcd_DrawLine
 *fill*         0x0000000008001bc2        0x2 
 .text.lcd_ShowChar
                0x0000000008001bc4      0x1a0 ./Core/Src/lcd.o
                0x0000000008001bc4                lcd_ShowChar
 .text.mypow    0x0000000008001d64       0x38 ./Core/Src/lcd.o
                0x0000000008001d64                mypow
 .text.lcd_ShowIntNum
                0x0000000008001d9c       0xfc ./Core/Src/lcd.o
                0x0000000008001d9c                lcd_ShowIntNum
 .text.lcd_SetDir
                0x0000000008001e98       0x48 ./Core/Src/lcd.o
                0x0000000008001e98                lcd_SetDir
 .text.lcd_init
                0x0000000008001ee0      0x2c0 ./Core/Src/lcd.o
                0x0000000008001ee0                lcd_init
 .text._draw_circle_8
                0x00000000080021a0      0x116 ./Core/Src/lcd.o
 .text.lcd_DrawCircle
                0x00000000080022b6       0xd8 ./Core/Src/lcd.o
                0x00000000080022b6                lcd_DrawCircle
 *fill*         0x000000000800238e        0x2 
 .text.lcd_ShowStr
                0x0000000008002390       0xc8 ./Core/Src/lcd.o
                0x0000000008002390                lcd_ShowStr
 .text.led7_Scan
                0x0000000008002458      0x118 ./Core/Src/led_7seg.o
                0x0000000008002458                led7_Scan
 .text.main     0x0000000008002570       0x6c ./Core/Src/main.o
                0x0000000008002570                main
 .text.SystemClock_Config
                0x00000000080025dc       0xd4 ./Core/Src/main.o
                0x00000000080025dc                SystemClock_Config
 .text.system_init
                0x00000000080026b0       0x58 ./Core/Src/main.o
                0x00000000080026b0                system_init
 .text.Error_Handler
                0x0000000008002708        0xa ./Core/Src/main.o
                0x0000000008002708                Error_Handler
 *fill*         0x0000000008002712        0x2 
 .text.screen_init
                0x0000000008002714       0x4c ./Core/Src/screen.o
                0x0000000008002714                screen_init
 .text.screen_play
                0x0000000008002760       0x6c ./Core/Src/screen.o
                0x0000000008002760                screen_play
 .text.screen_score
                0x00000000080027cc       0x50 ./Core/Src/screen.o
                0x00000000080027cc                screen_score
 .text.screen_game_over
                0x000000000800281c       0x70 ./Core/Src/screen.o
                0x000000000800281c                screen_game_over
 .text.draw_snake
                0x000000000800288c       0x24 ./Core/Src/snake.o
                0x000000000800288c                draw_snake
 .text.draw_food
                0x00000000080028b0       0x24 ./Core/Src/snake.o
                0x00000000080028b0                draw_food
 .text.draw_head
                0x00000000080028d4       0x24 ./Core/Src/snake.o
                0x00000000080028d4                draw_head
 .text.draw_wall
                0x00000000080028f8       0x24 ./Core/Src/snake.o
                0x00000000080028f8                draw_wall
 .text.clear_block
                0x000000000800291c       0x24 ./Core/Src/snake.o
                0x000000000800291c                clear_block
 .text.update_grid
                0x0000000008002940      0x13c ./Core/Src/snake.o
                0x0000000008002940                update_grid
 .text.init_grid
                0x0000000008002a7c       0x54 ./Core/Src/snake.o
                0x0000000008002a7c                init_grid
 .text.move_snake
                0x0000000008002ad0      0x1b0 ./Core/Src/snake.o
                0x0000000008002ad0                move_snake
 .text.re_init  0x0000000008002c80       0x88 ./Core/Src/snake.o
                0x0000000008002c80                re_init
 .text.spawn_food
                0x0000000008002d08       0x64 ./Core/Src/snake.o
                0x0000000008002d08                spawn_food
 .text.rand_no  0x0000000008002d6c       0x28 ./Core/Src/snake.o
                0x0000000008002d6c                rand_no
 .text.check_collision
                0x0000000008002d94       0xa4 ./Core/Src/snake.o
                0x0000000008002d94                check_collision
 .text.wait_check
                0x0000000008002e38       0xb0 ./Core/Src/snake.o
                0x0000000008002e38                wait_check
 .text.check_food
                0x0000000008002ee8       0xe0 ./Core/Src/snake.o
                0x0000000008002ee8                check_food
 .text.timer_init
                0x0000000008002fc8       0x1c ./Core/Src/software_timer.o
                0x0000000008002fc8                timer_init
 .text.setTimer2
                0x0000000008002fe4       0x38 ./Core/Src/software_timer.o
                0x0000000008002fe4                setTimer2
 .text.setTimer3
                0x000000000800301c       0x38 ./Core/Src/software_timer.o
                0x000000000800301c                setTimer3
 .text.setTimer4
                0x0000000008003054       0x38 ./Core/Src/software_timer.o
                0x0000000008003054                setTimer4
 .text.setTimer5
                0x000000000800308c       0x38 ./Core/Src/software_timer.o
                0x000000000800308c                setTimer5
 .text.setTimer7
                0x00000000080030c4       0x38 ./Core/Src/software_timer.o
                0x00000000080030c4                setTimer7
 .text.HAL_TIM_PeriodElapsedCallback
                0x00000000080030fc      0x164 ./Core/Src/software_timer.o
                0x00000000080030fc                HAL_TIM_PeriodElapsedCallback
 .text.delay_us
                0x0000000008003260       0x34 ./Core/Src/software_timer.o
                0x0000000008003260                delay_us
 .text.MX_SPI1_Init
                0x0000000008003294       0x6c ./Core/Src/spi.o
                0x0000000008003294                MX_SPI1_Init
 .text.HAL_SPI_MspInit
                0x0000000008003300       0x90 ./Core/Src/spi.o
                0x0000000008003300                HAL_SPI_MspInit
 .text.HAL_MspInit
                0x0000000008003390       0x50 ./Core/Src/stm32f4xx_hal_msp.o
                0x0000000008003390                HAL_MspInit
 .text.NMI_Handler
                0x00000000080033e0        0x6 ./Core/Src/stm32f4xx_it.o
                0x00000000080033e0                NMI_Handler
 .text.HardFault_Handler
                0x00000000080033e6        0x6 ./Core/Src/stm32f4xx_it.o
                0x00000000080033e6                HardFault_Handler
 .text.MemManage_Handler
                0x00000000080033ec        0x6 ./Core/Src/stm32f4xx_it.o
                0x00000000080033ec                MemManage_Handler
 .text.BusFault_Handler
                0x00000000080033f2        0x6 ./Core/Src/stm32f4xx_it.o
                0x00000000080033f2                BusFault_Handler
 .text.UsageFault_Handler
                0x00000000080033f8        0x6 ./Core/Src/stm32f4xx_it.o
                0x00000000080033f8                UsageFault_Handler
 .text.SVC_Handler
                0x00000000080033fe        0xe ./Core/Src/stm32f4xx_it.o
                0x00000000080033fe                SVC_Handler
 .text.DebugMon_Handler
                0x000000000800340c        0xe ./Core/Src/stm32f4xx_it.o
                0x000000000800340c                DebugMon_Handler
 .text.PendSV_Handler
                0x000000000800341a        0xe ./Core/Src/stm32f4xx_it.o
                0x000000000800341a                PendSV_Handler
 .text.SysTick_Handler
                0x0000000008003428        0xc ./Core/Src/stm32f4xx_it.o
                0x0000000008003428                SysTick_Handler
 .text.TIM2_IRQHandler
                0x0000000008003434       0x14 ./Core/Src/stm32f4xx_it.o
                0x0000000008003434                TIM2_IRQHandler
 .text.USART1_IRQHandler
                0x0000000008003448       0x14 ./Core/Src/stm32f4xx_it.o
                0x0000000008003448                USART1_IRQHandler
 .text.USART2_IRQHandler
                0x000000000800345c       0x14 ./Core/Src/stm32f4xx_it.o
                0x000000000800345c                USART2_IRQHandler
 .text.DMA2_Stream0_IRQHandler
                0x0000000008003470       0x14 ./Core/Src/stm32f4xx_it.o
                0x0000000008003470                DMA2_Stream0_IRQHandler
 .text._getpid  0x0000000008003484       0x10 ./Core/Src/syscalls.o
                0x0000000008003484                _getpid
 .text._kill    0x0000000008003494       0x20 ./Core/Src/syscalls.o
                0x0000000008003494                _kill
 .text._exit    0x00000000080034b4       0x14 ./Core/Src/syscalls.o
                0x00000000080034b4                _exit
 .text._read    0x00000000080034c8       0x3a ./Core/Src/syscalls.o
                0x00000000080034c8                _read
 .text._write   0x0000000008003502       0x38 ./Core/Src/syscalls.o
                0x0000000008003502                _write
 .text._close   0x000000000800353a       0x18 ./Core/Src/syscalls.o
                0x000000000800353a                _close
 .text._fstat   0x0000000008003552       0x20 ./Core/Src/syscalls.o
                0x0000000008003552                _fstat
 .text._isatty  0x0000000008003572       0x16 ./Core/Src/syscalls.o
                0x0000000008003572                _isatty
 .text._lseek   0x0000000008003588       0x1a ./Core/Src/syscalls.o
                0x0000000008003588                _lseek
 *fill*         0x00000000080035a2        0x2 
 .text._sbrk    0x00000000080035a4       0x6c ./Core/Src/sysmem.o
                0x00000000080035a4                _sbrk
 .text.SystemInit
                0x0000000008003610       0x24 ./Core/Src/system_stm32f4xx.o
                0x0000000008003610                SystemInit
 .text.MX_TIM1_Init
                0x0000000008003634       0xa0 ./Core/Src/tim.o
                0x0000000008003634                MX_TIM1_Init
 .text.MX_TIM2_Init
                0x00000000080036d4       0x98 ./Core/Src/tim.o
                0x00000000080036d4                MX_TIM2_Init
 .text.MX_TIM13_Init
                0x000000000800376c       0x9c ./Core/Src/tim.o
                0x000000000800376c                MX_TIM13_Init
 .text.HAL_TIM_Base_MspInit
                0x0000000008003808       0xa4 ./Core/Src/tim.o
                0x0000000008003808                HAL_TIM_Base_MspInit
 .text.HAL_TIM_MspPostInit
                0x00000000080038ac       0x74 ./Core/Src/tim.o
                0x00000000080038ac                HAL_TIM_MspPostInit
 .text.TP_Write_Byte
                0x0000000008003920       0x78 ./Core/Src/touch.o
 .text.TP_Read_AD
                0x0000000008003998       0xe0 ./Core/Src/touch.o
 .text.TP_Read_XOY
                0x0000000008003a78      0x104 ./Core/Src/touch.o
 .text.TP_Read_XY
                0x0000000008003b7c       0x44 ./Core/Src/touch.o
 .text.TP_Read_XY2
                0x0000000008003bc0       0xc4 ./Core/Src/touch.o
 .text.TP_Drow_Touch_Point
                0x0000000008003c84       0xae ./Core/Src/touch.o
 *fill*         0x0000000008003d32        0x2 
 .text.TP_Scan  0x0000000008003d34      0x12c ./Core/Src/touch.o
 .text.TP_Save_Adjdata
                0x0000000008003e60       0x20 ./Core/Src/touch.o
 .text.TP_Get_Adjdata
                0x0000000008003e80       0x38 ./Core/Src/touch.o
 .text.touch_Adjust
                0x0000000008003eb8      0x7ac ./Core/Src/touch.o
                0x0000000008003eb8                touch_Adjust
 .text.touch_init
                0x0000000008004664       0x20 ./Core/Src/touch.o
                0x0000000008004664                touch_init
 .text.touch_Scan
                0x0000000008004684       0x14 ./Core/Src/touch.o
                0x0000000008004684                touch_Scan
 .text.touch_IsTouched
                0x0000000008004698       0x24 ./Core/Src/touch.o
                0x0000000008004698                touch_IsTouched
 .text.touch_GetX
                0x00000000080046bc       0x18 ./Core/Src/touch.o
                0x00000000080046bc                touch_GetX
 .text.touch_GetY
                0x00000000080046d4       0x18 ./Core/Src/touch.o
                0x00000000080046d4                touch_GetY
 .text.isButtonStart
                0x00000000080046ec       0x48 ./Core/Src/touch_screen.o
                0x00000000080046ec                isButtonStart
 .text.isButtonUp
                0x0000000008004734       0x46 ./Core/Src/touch_screen.o
                0x0000000008004734                isButtonUp
 .text.isButtonDown
                0x000000000800477a       0x4a ./Core/Src/touch_screen.o
                0x000000000800477a                isButtonDown
 .text.isButtonLeft
                0x00000000080047c4       0x4a ./Core/Src/touch_screen.o
                0x00000000080047c4                isButtonLeft
 .text.isButtonRight
                0x000000000800480e       0x4a ./Core/Src/touch_screen.o
                0x000000000800480e                isButtonRight
 .text.isButtonRestart
                0x0000000008004858       0x48 ./Core/Src/touch_screen.o
                0x0000000008004858                isButtonRestart
 .text.HAL_UART_RxCpltCallback
                0x00000000080048a0       0x68 ./Core/Src/uart.o
                0x00000000080048a0                HAL_UART_RxCpltCallback
 .text.MX_USART1_UART_Init
                0x0000000008004908       0x54 ./Core/Src/usart.o
                0x0000000008004908                MX_USART1_UART_Init
 .text.MX_USART2_UART_Init
                0x000000000800495c       0x54 ./Core/Src/usart.o
                0x000000000800495c                MX_USART2_UART_Init
 .text.HAL_UART_MspInit
                0x00000000080049b0      0x118 ./Core/Src/usart.o
                0x00000000080049b0                HAL_UART_MspInit
 .text.Reset_Handler
                0x0000000008004ac8       0x50 ./Core/Startup/startup_stm32f407zetx.o
                0x0000000008004ac8                Reset_Handler
 .text.Default_Handler
                0x0000000008004b18        0x2 ./Core/Startup/startup_stm32f407zetx.o
                0x0000000008004b18                RTC_Alarm_IRQHandler
                0x0000000008004b18                HASH_RNG_IRQHandler
                0x0000000008004b18                EXTI2_IRQHandler
                0x0000000008004b18                TIM8_CC_IRQHandler
                0x0000000008004b18                TIM1_CC_IRQHandler
                0x0000000008004b18                DMA2_Stream5_IRQHandler
                0x0000000008004b18                DMA1_Stream5_IRQHandler
                0x0000000008004b18                PVD_IRQHandler
                0x0000000008004b18                SDIO_IRQHandler
                0x0000000008004b18                TAMP_STAMP_IRQHandler
                0x0000000008004b18                CAN2_RX1_IRQHandler
                0x0000000008004b18                EXTI3_IRQHandler
                0x0000000008004b18                TIM8_TRG_COM_TIM14_IRQHandler
                0x0000000008004b18                TIM1_UP_TIM10_IRQHandler
                0x0000000008004b18                TIM8_UP_TIM13_IRQHandler
                0x0000000008004b18                I2C3_ER_IRQHandler
                0x0000000008004b18                EXTI0_IRQHandler
                0x0000000008004b18                I2C2_EV_IRQHandler
                0x0000000008004b18                DMA1_Stream2_IRQHandler
                0x0000000008004b18                CAN1_RX0_IRQHandler
                0x0000000008004b18                FPU_IRQHandler
                0x0000000008004b18                OTG_HS_WKUP_IRQHandler
                0x0000000008004b18                CAN2_SCE_IRQHandler
                0x0000000008004b18                DMA2_Stream2_IRQHandler
                0x0000000008004b18                SPI1_IRQHandler
                0x0000000008004b18                TIM6_DAC_IRQHandler
                0x0000000008004b18                TIM1_BRK_TIM9_IRQHandler
                0x0000000008004b18                DCMI_IRQHandler
                0x0000000008004b18                CAN2_RX0_IRQHandler
                0x0000000008004b18                DMA2_Stream3_IRQHandler
                0x0000000008004b18                USART6_IRQHandler
                0x0000000008004b18                USART3_IRQHandler
                0x0000000008004b18                CAN1_RX1_IRQHandler
                0x0000000008004b18                UART5_IRQHandler
                0x0000000008004b18                TIM4_IRQHandler
                0x0000000008004b18                I2C1_EV_IRQHandler
                0x0000000008004b18                DMA1_Stream6_IRQHandler
                0x0000000008004b18                DMA1_Stream1_IRQHandler
                0x0000000008004b18                UART4_IRQHandler
                0x0000000008004b18                TIM3_IRQHandler
                0x0000000008004b18                RCC_IRQHandler
                0x0000000008004b18                TIM8_BRK_TIM12_IRQHandler
                0x0000000008004b18                Default_Handler
                0x0000000008004b18                EXTI15_10_IRQHandler
                0x0000000008004b18                ADC_IRQHandler
                0x0000000008004b18                DMA1_Stream7_IRQHandler
                0x0000000008004b18                TIM7_IRQHandler
                0x0000000008004b18                CAN2_TX_IRQHandler
                0x0000000008004b18                TIM5_IRQHandler
                0x0000000008004b18                DMA2_Stream7_IRQHandler
                0x0000000008004b18                I2C3_EV_IRQHandler
                0x0000000008004b18                EXTI9_5_IRQHandler
                0x0000000008004b18                RTC_WKUP_IRQHandler
                0x0000000008004b18                ETH_WKUP_IRQHandler
                0x0000000008004b18                SPI2_IRQHandler
                0x0000000008004b18                OTG_HS_EP1_IN_IRQHandler
                0x0000000008004b18                DMA1_Stream0_IRQHandler
                0x0000000008004b18                CAN1_TX_IRQHandler
                0x0000000008004b18                EXTI4_IRQHandler
                0x0000000008004b18                FSMC_IRQHandler
                0x0000000008004b18                ETH_IRQHandler
                0x0000000008004b18                OTG_HS_EP1_OUT_IRQHandler
                0x0000000008004b18                WWDG_IRQHandler
                0x0000000008004b18                OTG_FS_WKUP_IRQHandler
                0x0000000008004b18                TIM1_TRG_COM_TIM11_IRQHandler
                0x0000000008004b18                OTG_HS_IRQHandler
                0x0000000008004b18                EXTI1_IRQHandler
                0x0000000008004b18                I2C2_ER_IRQHandler
                0x0000000008004b18                DMA2_Stream1_IRQHandler
                0x0000000008004b18                CAN1_SCE_IRQHandler
                0x0000000008004b18                FLASH_IRQHandler
                0x0000000008004b18                DMA2_Stream4_IRQHandler
                0x0000000008004b18                OTG_FS_IRQHandler
                0x0000000008004b18                SPI3_IRQHandler
                0x0000000008004b18                DMA1_Stream4_IRQHandler
                0x0000000008004b18                I2C1_ER_IRQHandler
                0x0000000008004b18                DMA2_Stream6_IRQHandler
                0x0000000008004b18                DMA1_Stream3_IRQHandler
 *fill*         0x0000000008004b1a        0x2 
 .text.HAL_Init
                0x0000000008004b1c       0x44 ./Drivers/STM32F4xx_HAL_Driver/Src/stm32f4xx_hal.o
                0x0000000008004b1c                HAL_Init
 .text.HAL_InitTick
                0x0000000008004b60       0x60 ./Drivers/STM32F4xx_HAL_Driver/Src/stm32f4xx_hal.o
                0x0000000008004b60                HAL_InitTick
 .text.HAL_IncTick
                0x0000000008004bc0       0x28 ./Drivers/STM32F4xx_HAL_Driver/Src/stm32f4xx_hal.o
                0x0000000008004bc0                HAL_IncTick
 .text.HAL_GetTick
                0x0000000008004be8       0x18 ./Drivers/STM32F4xx_HAL_Driver/Src/stm32f4xx_hal.o
                0x0000000008004be8                HAL_GetTick
 .text.HAL_Delay
                0x0000000008004c00       0x48 ./Drivers/STM32F4xx_HAL_Driver/Src/stm32f4xx_hal.o
                0x0000000008004c00                HAL_Delay
 .text.HAL_ADC_Init
                0x0000000008004c48       0x86 ./Drivers/STM32F4xx_HAL_Driver/Src/stm32f4xx_hal_adc.o
                0x0000000008004c48                HAL_ADC_Init
 *fill*         0x0000000008004cce        0x2 
 .text.HAL_ADC_ConfigChannel
                0x0000000008004cd0      0x244 ./Drivers/STM32F4xx_HAL_Driver/Src/stm32f4xx_hal_adc.o
                0x0000000008004cd0                HAL_ADC_ConfigChannel
 .text.ADC_Init
                0x0000000008004f14      0x1f8 ./Drivers/STM32F4xx_HAL_Driver/Src/stm32f4xx_hal_adc.o
 .text.__NVIC_SetPriorityGrouping
                0x000000000800510c       0x48 ./Drivers/STM32F4xx_HAL_Driver/Src/stm32f4xx_hal_cortex.o
 .text.__NVIC_GetPriorityGrouping
                0x0000000008005154       0x1c ./Drivers/STM32F4xx_HAL_Driver/Src/stm32f4xx_hal_cortex.o
 .text.__NVIC_EnableIRQ
                0x0000000008005170       0x3c ./Drivers/STM32F4xx_HAL_Driver/Src/stm32f4xx_hal_cortex.o
 .text.__NVIC_SetPriority
                0x00000000080051ac       0x54 ./Drivers/STM32F4xx_HAL_Driver/Src/stm32f4xx_hal_cortex.o
 .text.NVIC_EncodePriority
                0x0000000008005200       0x66 ./Drivers/STM32F4xx_HAL_Driver/Src/stm32f4xx_hal_cortex.o
 *fill*         0x0000000008005266        0x2 
 .text.SysTick_Config
                0x0000000008005268       0x44 ./Drivers/STM32F4xx_HAL_Driver/Src/stm32f4xx_hal_cortex.o
 .text.HAL_NVIC_SetPriorityGrouping
                0x00000000080052ac       0x16 ./Drivers/STM32F4xx_HAL_Driver/Src/stm32f4xx_hal_cortex.o
                0x00000000080052ac                HAL_NVIC_SetPriorityGrouping
 .text.HAL_NVIC_SetPriority
                0x00000000080052c2       0x38 ./Drivers/STM32F4xx_HAL_Driver/Src/stm32f4xx_hal_cortex.o
                0x00000000080052c2                HAL_NVIC_SetPriority
 .text.HAL_NVIC_EnableIRQ
                0x00000000080052fa       0x1c ./Drivers/STM32F4xx_HAL_Driver/Src/stm32f4xx_hal_cortex.o
                0x00000000080052fa                HAL_NVIC_EnableIRQ
 .text.HAL_SYSTICK_Config
                0x0000000008005316       0x18 ./Drivers/STM32F4xx_HAL_Driver/Src/stm32f4xx_hal_cortex.o
                0x0000000008005316                HAL_SYSTICK_Config
 *fill*         0x000000000800532e        0x2 
 .text.HAL_DMA_Init
                0x0000000008005330      0x15c ./Drivers/STM32F4xx_HAL_Driver/Src/stm32f4xx_hal_dma.o
                0x0000000008005330                HAL_DMA_Init
 .text.HAL_DMA_Abort
                0x000000000800548c       0xe0 ./Drivers/STM32F4xx_HAL_Driver/Src/stm32f4xx_hal_dma.o
                0x000000000800548c                HAL_DMA_Abort
 .text.HAL_DMA_Abort_IT
                0x000000000800556c       0x44 ./Drivers/STM32F4xx_HAL_Driver/Src/stm32f4xx_hal_dma.o
                0x000000000800556c                HAL_DMA_Abort_IT
 .text.HAL_DMA_IRQHandler
                0x00000000080055b0      0x314 ./Drivers/STM32F4xx_HAL_Driver/Src/stm32f4xx_hal_dma.o
                0x00000000080055b0                HAL_DMA_IRQHandler
 .text.DMA_CalcBaseAndBitshift
                0x00000000080058c4       0x6c ./Drivers/STM32F4xx_HAL_Driver/Src/stm32f4xx_hal_dma.o
 .text.DMA_CheckFifoParam
                0x0000000008005930       0xf8 ./Drivers/STM32F4xx_HAL_Driver/Src/stm32f4xx_hal_dma.o
 .text.HAL_GPIO_Init
                0x0000000008005a28      0x338 ./Drivers/STM32F4xx_HAL_Driver/Src/stm32f4xx_hal_gpio.o
                0x0000000008005a28                HAL_GPIO_Init
 .text.HAL_GPIO_ReadPin
                0x0000000008005d60       0x30 ./Drivers/STM32F4xx_HAL_Driver/Src/stm32f4xx_hal_gpio.o
                0x0000000008005d60                HAL_GPIO_ReadPin
 .text.HAL_GPIO_WritePin
                0x0000000008005d90       0x32 ./Drivers/STM32F4xx_HAL_Driver/Src/stm32f4xx_hal_gpio.o
                0x0000000008005d90                HAL_GPIO_WritePin
 *fill*         0x0000000008005dc2        0x2 
 .text.HAL_I2C_Init
                0x0000000008005dc4      0x288 ./Drivers/STM32F4xx_HAL_Driver/Src/stm32f4xx_hal_i2c.o
                0x0000000008005dc4                HAL_I2C_Init
 .text.HAL_I2C_Mem_Write
                0x000000000800604c      0x1f4 ./Drivers/STM32F4xx_HAL_Driver/Src/stm32f4xx_hal_i2c.o
                0x000000000800604c                HAL_I2C_Mem_Write
 .text.HAL_I2C_Mem_Read
                0x0000000008006240      0x44c ./Drivers/STM32F4xx_HAL_Driver/Src/stm32f4xx_hal_i2c.o
                0x0000000008006240                HAL_I2C_Mem_Read
 .text.I2C_RequestMemoryWrite
                0x000000000800668c      0x12c ./Drivers/STM32F4xx_HAL_Driver/Src/stm32f4xx_hal_i2c.o
 .text.I2C_RequestMemoryRead
                0x00000000080067b8      0x1d0 ./Drivers/STM32F4xx_HAL_Driver/Src/stm32f4xx_hal_i2c.o
 .text.I2C_WaitOnFlagUntilTimeout
                0x0000000008006988       0xae ./Drivers/STM32F4xx_HAL_Driver/Src/stm32f4xx_hal_i2c.o
 .text.I2C_WaitOnMasterAddressFlagUntilTimeout
                0x0000000008006a36       0xfe ./Drivers/STM32F4xx_HAL_Driver/Src/stm32f4xx_hal_i2c.o
 .text.I2C_WaitOnTXEFlagUntilTimeout
                0x0000000008006b34       0x82 ./Drivers/STM32F4xx_HAL_Driver/Src/stm32f4xx_hal_i2c.o
 .text.I2C_WaitOnBTFFlagUntilTimeout
                0x0000000008006bb6       0x82 ./Drivers/STM32F4xx_HAL_Driver/Src/stm32f4xx_hal_i2c.o
 .text.I2C_WaitOnRXNEFlagUntilTimeout
                0x0000000008006c38       0xac ./Drivers/STM32F4xx_HAL_Driver/Src/stm32f4xx_hal_i2c.o
 .text.I2C_IsAcknowledgeFailed
                0x0000000008006ce4       0x5e ./Drivers/STM32F4xx_HAL_Driver/Src/stm32f4xx_hal_i2c.o
 *fill*         0x0000000008006d42        0x2 
 .text.HAL_RCC_OscConfig
                0x0000000008006d44      0x4f0 ./Drivers/STM32F4xx_HAL_Driver/Src/stm32f4xx_hal_rcc.o
                0x0000000008006d44                HAL_RCC_OscConfig
 .text.HAL_RCC_ClockConfig
                0x0000000008007234      0x1cc ./Drivers/STM32F4xx_HAL_Driver/Src/stm32f4xx_hal_rcc.o
                0x0000000008007234                HAL_RCC_ClockConfig
 .text.HAL_RCC_GetSysClockFreq
                0x0000000008007400      0x1c4 ./Drivers/STM32F4xx_HAL_Driver/Src/stm32f4xx_hal_rcc.o
                0x0000000008007400                HAL_RCC_GetSysClockFreq
 .text.HAL_RCC_GetHCLKFreq
                0x00000000080075c4       0x18 ./Drivers/STM32F4xx_HAL_Driver/Src/stm32f4xx_hal_rcc.o
                0x00000000080075c4                HAL_RCC_GetHCLKFreq
 .text.HAL_RCC_GetPCLK1Freq
                0x00000000080075dc       0x28 ./Drivers/STM32F4xx_HAL_Driver/Src/stm32f4xx_hal_rcc.o
                0x00000000080075dc                HAL_RCC_GetPCLK1Freq
 .text.HAL_RCC_GetPCLK2Freq
                0x0000000008007604       0x28 ./Drivers/STM32F4xx_HAL_Driver/Src/stm32f4xx_hal_rcc.o
                0x0000000008007604                HAL_RCC_GetPCLK2Freq
 .text.HAL_SPI_Init
                0x000000000800762c      0x112 ./Drivers/STM32F4xx_HAL_Driver/Src/stm32f4xx_hal_spi.o
                0x000000000800762c                HAL_SPI_Init
 .text.HAL_SPI_Transmit
                0x000000000800773e      0x278 ./Drivers/STM32F4xx_HAL_Driver/Src/stm32f4xx_hal_spi.o
                0x000000000800773e                HAL_SPI_Transmit
 *fill*         0x00000000080079b6        0x2 
 .text.SPI_WaitFlagStateUntilTimeout
                0x00000000080079b8      0x110 ./Drivers/STM32F4xx_HAL_Driver/Src/stm32f4xx_hal_spi.o
 .text.SPI_EndRxTxTransaction
                0x0000000008007ac8       0x84 ./Drivers/STM32F4xx_HAL_Driver/Src/stm32f4xx_hal_spi.o
 .text.HAL_SRAM_Init
                0x0000000008007b4c       0x88 ./Drivers/STM32F4xx_HAL_Driver/Src/stm32f4xx_hal_sram.o
                0x0000000008007b4c                HAL_SRAM_Init
 .text.HAL_TIM_Base_Init
                0x0000000008007bd4       0x9e ./Drivers/STM32F4xx_HAL_Driver/Src/stm32f4xx_hal_tim.o
                0x0000000008007bd4                HAL_TIM_Base_Init
 *fill*         0x0000000008007c72        0x2 
 .text.HAL_TIM_Base_Start
                0x0000000008007c74       0xd0 ./Drivers/STM32F4xx_HAL_Driver/Src/stm32f4xx_hal_tim.o
                0x0000000008007c74                HAL_TIM_Base_Start
 .text.HAL_TIM_Base_Start_IT
                0x0000000008007d44       0xe0 ./Drivers/STM32F4xx_HAL_Driver/Src/stm32f4xx_hal_tim.o
                0x0000000008007d44                HAL_TIM_Base_Start_IT
 .text.HAL_TIM_PWM_Init
                0x0000000008007e24       0x9e ./Drivers/STM32F4xx_HAL_Driver/Src/stm32f4xx_hal_tim.o
                0x0000000008007e24                HAL_TIM_PWM_Init
 .text.HAL_TIM_PWM_MspInit
                0x0000000008007ec2       0x14 ./Drivers/STM32F4xx_HAL_Driver/Src/stm32f4xx_hal_tim.o
                0x0000000008007ec2                HAL_TIM_PWM_MspInit
 .text.HAL_TIM_IRQHandler
                0x0000000008007ed6      0x210 ./Drivers/STM32F4xx_HAL_Driver/Src/stm32f4xx_hal_tim.o
                0x0000000008007ed6                HAL_TIM_IRQHandler
 *fill*         0x00000000080080e6        0x2 
 .text.HAL_TIM_PWM_ConfigChannel
                0x00000000080080e8      0x184 ./Drivers/STM32F4xx_HAL_Driver/Src/stm32f4xx_hal_tim.o
                0x00000000080080e8                HAL_TIM_PWM_ConfigChannel
 .text.HAL_TIM_ConfigClockSource
                0x000000000800826c      0x18e ./Drivers/STM32F4xx_HAL_Driver/Src/stm32f4xx_hal_tim.o
                0x000000000800826c                HAL_TIM_ConfigClockSource
 .text.HAL_TIM_OC_DelayElapsedCallback
                0x00000000080083fa       0x14 ./Drivers/STM32F4xx_HAL_Driver/Src/stm32f4xx_hal_tim.o
                0x00000000080083fa                HAL_TIM_OC_DelayElapsedCallback
 .text.HAL_TIM_IC_CaptureCallback
                0x000000000800840e       0x14 ./Drivers/STM32F4xx_HAL_Driver/Src/stm32f4xx_hal_tim.o
                0x000000000800840e                HAL_TIM_IC_CaptureCallback
 .text.HAL_TIM_PWM_PulseFinishedCallback
                0x0000000008008422       0x14 ./Drivers/STM32F4xx_HAL_Driver/Src/stm32f4xx_hal_tim.o
                0x0000000008008422                HAL_TIM_PWM_PulseFinishedCallback
 .text.HAL_TIM_TriggerCallback
                0x0000000008008436       0x14 ./Drivers/STM32F4xx_HAL_Driver/Src/stm32f4xx_hal_tim.o
                0x0000000008008436                HAL_TIM_TriggerCallback
 *fill*         0x000000000800844a        0x2 
 .text.TIM_Base_SetConfig
                0x000000000800844c      0x140 ./Drivers/STM32F4xx_HAL_Driver/Src/stm32f4xx_hal_tim.o
                0x000000000800844c                TIM_Base_SetConfig
 .text.TIM_OC1_SetConfig
                0x000000000800858c       0xe0 ./Drivers/STM32F4xx_HAL_Driver/Src/stm32f4xx_hal_tim.o
 .text.TIM_OC2_SetConfig
                0x000000000800866c       0xec ./Drivers/STM32F4xx_HAL_Driver/Src/stm32f4xx_hal_tim.o
                0x000000000800866c                TIM_OC2_SetConfig
 .text.TIM_OC3_SetConfig
                0x0000000008008758       0xe8 ./Drivers/STM32F4xx_HAL_Driver/Src/stm32f4xx_hal_tim.o
 .text.TIM_OC4_SetConfig
                0x0000000008008840       0xac ./Drivers/STM32F4xx_HAL_Driver/Src/stm32f4xx_hal_tim.o
 .text.TIM_TI1_ConfigInputStage
                0x00000000080088ec       0x5e ./Drivers/STM32F4xx_HAL_Driver/Src/stm32f4xx_hal_tim.o
 .text.TIM_TI2_ConfigInputStage
                0x000000000800894a       0x60 ./Drivers/STM32F4xx_HAL_Driver/Src/stm32f4xx_hal_tim.o
 .text.TIM_ITRx_SetConfig
                0x00000000080089aa       0x36 ./Drivers/STM32F4xx_HAL_Driver/Src/stm32f4xx_hal_tim.o
 .text.TIM_ETR_SetConfig
                0x00000000080089e0       0x40 ./Drivers/STM32F4xx_HAL_Driver/Src/stm32f4xx_hal_tim.o
                0x00000000080089e0                TIM_ETR_SetConfig
 .text.HAL_TIMEx_MasterConfigSynchronization
                0x0000000008008a20       0xf8 ./Drivers/STM32F4xx_HAL_Driver/Src/stm32f4xx_hal_tim_ex.o
                0x0000000008008a20                HAL_TIMEx_MasterConfigSynchronization
 .text.HAL_TIMEx_CommutCallback
                0x0000000008008b18       0x14 ./Drivers/STM32F4xx_HAL_Driver/Src/stm32f4xx_hal_tim_ex.o
                0x0000000008008b18                HAL_TIMEx_CommutCallback
 .text.HAL_TIMEx_BreakCallback
                0x0000000008008b2c       0x14 ./Drivers/STM32F4xx_HAL_Driver/Src/stm32f4xx_hal_tim_ex.o
                0x0000000008008b2c                HAL_TIMEx_BreakCallback
 .text.HAL_UART_Init
                0x0000000008008b40       0x9a ./Drivers/STM32F4xx_HAL_Driver/Src/stm32f4xx_hal_uart.o
                0x0000000008008b40                HAL_UART_Init
 .text.HAL_UART_Transmit
                0x0000000008008bda      0x124 ./Drivers/STM32F4xx_HAL_Driver/Src/stm32f4xx_hal_uart.o
                0x0000000008008bda                HAL_UART_Transmit
 .text.HAL_UART_Receive_IT
                0x0000000008008cfe       0x60 ./Drivers/STM32F4xx_HAL_Driver/Src/stm32f4xx_hal_uart.o
                0x0000000008008cfe                HAL_UART_Receive_IT
 *fill*         0x0000000008008d5e        0x2 
 .text.HAL_UART_IRQHandler
                0x0000000008008d60      0x51c ./Drivers/STM32F4xx_HAL_Driver/Src/stm32f4xx_hal_uart.o
                0x0000000008008d60                HAL_UART_IRQHandler
 .text.HAL_UART_TxCpltCallback
                0x000000000800927c       0x14 ./Drivers/STM32F4xx_HAL_Driver/Src/stm32f4xx_hal_uart.o
                0x000000000800927c                HAL_UART_TxCpltCallback
 .text.HAL_UART_ErrorCallback
                0x0000000008009290       0x14 ./Drivers/STM32F4xx_HAL_Driver/Src/stm32f4xx_hal_uart.o
                0x0000000008009290                HAL_UART_ErrorCallback
 .text.HAL_UARTEx_RxEventCallback
                0x00000000080092a4       0x18 ./Drivers/STM32F4xx_HAL_Driver/Src/stm32f4xx_hal_uart.o
                0x00000000080092a4                HAL_UARTEx_RxEventCallback
 .text.UART_WaitOnFlagUntilTimeout
                0x00000000080092bc       0xdc ./Drivers/STM32F4xx_HAL_Driver/Src/stm32f4xx_hal_uart.o
 .text.UART_Start_Receive_IT
                0x0000000008009398       0x74 ./Drivers/STM32F4xx_HAL_Driver/Src/stm32f4xx_hal_uart.o
                0x0000000008009398                UART_Start_Receive_IT
 .text.UART_EndRxTransfer
                0x000000000800940c       0xc6 ./Drivers/STM32F4xx_HAL_Driver/Src/stm32f4xx_hal_uart.o
 .text.UART_DMAAbortOnError
                0x00000000080094d2       0x28 ./Drivers/STM32F4xx_HAL_Driver/Src/stm32f4xx_hal_uart.o
 .text.UART_Transmit_IT
                0x00000000080094fa       0xa0 ./Drivers/STM32F4xx_HAL_Driver/Src/stm32f4xx_hal_uart.o
 .text.UART_EndTransmit_IT
                0x000000000800959a       0x30 ./Drivers/STM32F4xx_HAL_Driver/Src/stm32f4xx_hal_uart.o
 .text.UART_Receive_IT
                0x00000000080095ca      0x176 ./Drivers/STM32F4xx_HAL_Driver/Src/stm32f4xx_hal_uart.o
 .text.UART_SetConfig
                0x0000000008009740      0x390 ./Drivers/STM32F4xx_HAL_Driver/Src/stm32f4xx_hal_uart.o
 .text.FSMC_NORSRAM_Init
                0x0000000008009ad0       0xa4 ./Drivers/STM32F4xx_HAL_Driver/Src/stm32f4xx_ll_fsmc.o
                0x0000000008009ad0                FSMC_NORSRAM_Init
 .text.FSMC_NORSRAM_Timing_Init
                0x0000000008009b74       0x7a ./Drivers/STM32F4xx_HAL_Driver/Src/stm32f4xx_ll_fsmc.o
                0x0000000008009b74                FSMC_NORSRAM_Timing_Init
 *fill*         0x0000000008009bee        0x2 
 .text.FSMC_NORSRAM_Extended_Timing_Init
                0x0000000008009bf0       0x80 ./Drivers/STM32F4xx_HAL_Driver/Src/stm32f4xx_ll_fsmc.o
                0x0000000008009bf0                FSMC_NORSRAM_Extended_Timing_Init
 .text.__errno  0x0000000008009c70        0xc c:/st/stm32cubeide_1.7.0/stm32cubeide/plugins/com.st.stm32cube.ide.mcu.externaltools.gnu-tools-for-stm32.9-2020-q2-update.win32_2.0.0.202105311346/tools/bin/../lib/gcc/arm-none-eabi/9.3.1/../../../../arm-none-eabi/lib/thumb/v7e-m+fp/hard\libc_nano.a(lib_a-errno.o)
                0x0000000008009c70                __errno
 .text.__libc_init_array
                0x0000000008009c7c       0x48 c:/st/stm32cubeide_1.7.0/stm32cubeide/plugins/com.st.stm32cube.ide.mcu.externaltools.gnu-tools-for-stm32.9-2020-q2-update.win32_2.0.0.202105311346/tools/bin/../lib/gcc/arm-none-eabi/9.3.1/../../../../arm-none-eabi/lib/thumb/v7e-m+fp/hard\libc_nano.a(lib_a-init.o)
                0x0000000008009c7c                __libc_init_array
 .text.malloc   0x0000000008009cc4       0x10 c:/st/stm32cubeide_1.7.0/stm32cubeide/plugins/com.st.stm32cube.ide.mcu.externaltools.gnu-tools-for-stm32.9-2020-q2-update.win32_2.0.0.202105311346/tools/bin/../lib/gcc/arm-none-eabi/9.3.1/../../../../arm-none-eabi/lib/thumb/v7e-m+fp/hard\libc_nano.a(lib_a-malloc.o)
                0x0000000008009cc4                malloc
 .text.memset   0x0000000008009cd4       0x10 c:/st/stm32cubeide_1.7.0/stm32cubeide/plugins/com.st.stm32cube.ide.mcu.externaltools.gnu-tools-for-stm32.9-2020-q2-update.win32_2.0.0.202105311346/tools/bin/../lib/gcc/arm-none-eabi/9.3.1/../../../../arm-none-eabi/lib/thumb/v7e-m+fp/hard\libc_nano.a(lib_a-memset.o)
                0x0000000008009cd4                memset
 .text._free_r  0x0000000008009ce4       0xa0 c:/st/stm32cubeide_1.7.0/stm32cubeide/plugins/com.st.stm32cube.ide.mcu.externaltools.gnu-tools-for-stm32.9-2020-q2-update.win32_2.0.0.202105311346/tools/bin/../lib/gcc/arm-none-eabi/9.3.1/../../../../arm-none-eabi/lib/thumb/v7e-m+fp/hard\libc_nano.a(lib_a-nano-freer.o)
                0x0000000008009ce4                _free_r
 .text._malloc_r
                0x0000000008009d84       0xb4 c:/st/stm32cubeide_1.7.0/stm32cubeide/plugins/com.st.stm32cube.ide.mcu.externaltools.gnu-tools-for-stm32.9-2020-q2-update.win32_2.0.0.202105311346/tools/bin/../lib/gcc/arm-none-eabi/9.3.1/../../../../arm-none-eabi/lib/thumb/v7e-m+fp/hard\libc_nano.a(lib_a-nano-mallocr.o)
                0x0000000008009d84                _malloc_r
 .text.rand     0x0000000008009e38       0x80 c:/st/stm32cubeide_1.7.0/stm32cubeide/plugins/com.st.stm32cube.ide.mcu.externaltools.gnu-tools-for-stm32.9-2020-q2-update.win32_2.0.0.202105311346/tools/bin/../lib/gcc/arm-none-eabi/9.3.1/../../../../arm-none-eabi/lib/thumb/v7e-m+fp/hard\libc_nano.a(lib_a-rand.o)
                0x0000000008009e38                rand
 .text._sbrk_r  0x0000000008009eb8       0x20 c:/st/stm32cubeide_1.7.0/stm32cubeide/plugins/com.st.stm32cube.ide.mcu.externaltools.gnu-tools-for-stm32.9-2020-q2-update.win32_2.0.0.202105311346/tools/bin/../lib/gcc/arm-none-eabi/9.3.1/../../../../arm-none-eabi/lib/thumb/v7e-m+fp/hard\libc_nano.a(lib_a-sbrkr.o)
                0x0000000008009eb8                _sbrk_r
 .text.__assert_func
                0x0000000008009ed8       0x3c c:/st/stm32cubeide_1.7.0/stm32cubeide/plugins/com.st.stm32cube.ide.mcu.externaltools.gnu-tools-for-stm32.9-2020-q2-update.win32_2.0.0.202105311346/tools/bin/../lib/gcc/arm-none-eabi/9.3.1/../../../../arm-none-eabi/lib/thumb/v7e-m+fp/hard\libc_nano.a(lib_a-assert.o)
                0x0000000008009ed8                __assert_func
 .text.fprintf  0x0000000008009f14       0x24 c:/st/stm32cubeide_1.7.0/stm32cubeide/plugins/com.st.stm32cube.ide.mcu.externaltools.gnu-tools-for-stm32.9-2020-q2-update.win32_2.0.0.202105311346/tools/bin/../lib/gcc/arm-none-eabi/9.3.1/../../../../arm-none-eabi/lib/thumb/v7e-m+fp/hard\libc_nano.a(lib_a-fprintf.o)
                0x0000000008009f14                fiprintf
                0x0000000008009f14                fprintf
 .text.__malloc_lock
                0x0000000008009f38        0xc c:/st/stm32cubeide_1.7.0/stm32cubeide/plugins/com.st.stm32cube.ide.mcu.externaltools.gnu-tools-for-stm32.9-2020-q2-update.win32_2.0.0.202105311346/tools/bin/../lib/gcc/arm-none-eabi/9.3.1/../../../../arm-none-eabi/lib/thumb/v7e-m+fp/hard\libc_nano.a(lib_a-mlock.o)
                0x0000000008009f38                __malloc_lock
 .text.__malloc_unlock
                0x0000000008009f44        0xc c:/st/stm32cubeide_1.7.0/stm32cubeide/plugins/com.st.stm32cube.ide.mcu.externaltools.gnu-tools-for-stm32.9-2020-q2-update.win32_2.0.0.202105311346/tools/bin/../lib/gcc/arm-none-eabi/9.3.1/../../../../arm-none-eabi/lib/thumb/v7e-m+fp/hard\libc_nano.a(lib_a-mlock.o)
                0x0000000008009f44                __malloc_unlock
 .text.__sfputc_r
                0x0000000008009f50       0x2e c:/st/stm32cubeide_1.7.0/stm32cubeide/plugins/com.st.stm32cube.ide.mcu.externaltools.gnu-tools-for-stm32.9-2020-q2-update.win32_2.0.0.202105311346/tools/bin/../lib/gcc/arm-none-eabi/9.3.1/../../../../arm-none-eabi/lib/thumb/v7e-m+fp/hard\libc_nano.a(lib_a-nano-vfprintf.o)
 .text.__sfputs_r
                0x0000000008009f7e       0x24 c:/st/stm32cubeide_1.7.0/stm32cubeide/plugins/com.st.stm32cube.ide.mcu.externaltools.gnu-tools-for-stm32.9-2020-q2-update.win32_2.0.0.202105311346/tools/bin/../lib/gcc/arm-none-eabi/9.3.1/../../../../arm-none-eabi/lib/thumb/v7e-m+fp/hard\libc_nano.a(lib_a-nano-vfprintf.o)
                0x0000000008009f7e                __sfputs_r
 *fill*         0x0000000008009fa2        0x2 
 .text._vfprintf_r
                0x0000000008009fa4      0x260 c:/st/stm32cubeide_1.7.0/stm32cubeide/plugins/com.st.stm32cube.ide.mcu.externaltools.gnu-tools-for-stm32.9-2020-q2-update.win32_2.0.0.202105311346/tools/bin/../lib/gcc/arm-none-eabi/9.3.1/../../../../arm-none-eabi/lib/thumb/v7e-m+fp/hard\libc_nano.a(lib_a-nano-vfprintf.o)
                0x0000000008009fa4                _vfprintf_r
                0x0000000008009fa4                _vfiprintf_r
 .text._printf_common
                0x000000000800a204       0xda c:/st/stm32cubeide_1.7.0/stm32cubeide/plugins/com.st.stm32cube.ide.mcu.externaltools.gnu-tools-for-stm32.9-2020-q2-update.win32_2.0.0.202105311346/tools/bin/../lib/gcc/arm-none-eabi/9.3.1/../../../../arm-none-eabi/lib/thumb/v7e-m+fp/hard\libc_nano.a(lib_a-nano-vfprintf_i.o)
                0x000000000800a204                _printf_common
 *fill*         0x000000000800a2de        0x2 
 .text._printf_i
                0x000000000800a2e0      0x24c c:/st/stm32cubeide_1.7.0/stm32cubeide/plugins/com.st.stm32cube.ide.mcu.externaltools.gnu-tools-for-stm32.9-2020-q2-update.win32_2.0.0.202105311346/tools/bin/../lib/gcc/arm-none-eabi/9.3.1/../../../../arm-none-eabi/lib/thumb/v7e-m+fp/hard\libc_nano.a(lib_a-nano-vfprintf_i.o)
                0x000000000800a2e0                _printf_i
 .text.__swbuf_r
                0x000000000800a52c       0xa4 c:/st/stm32cubeide_1.7.0/stm32cubeide/plugins/com.st.stm32cube.ide.mcu.externaltools.gnu-tools-for-stm32.9-2020-q2-update.win32_2.0.0.202105311346/tools/bin/../lib/gcc/arm-none-eabi/9.3.1/../../../../arm-none-eabi/lib/thumb/v7e-m+fp/hard\libc_nano.a(lib_a-wbuf.o)
                0x000000000800a52c                __swbuf_r
 .text.__swsetup_r
                0x000000000800a5d0       0xdc c:/st/stm32cubeide_1.7.0/stm32cubeide/plugins/com.st.stm32cube.ide.mcu.externaltools.gnu-tools-for-stm32.9-2020-q2-update.win32_2.0.0.202105311346/tools/bin/../lib/gcc/arm-none-eabi/9.3.1/../../../../arm-none-eabi/lib/thumb/v7e-m+fp/hard\libc_nano.a(lib_a-wsetup.o)
                0x000000000800a5d0                __swsetup_r
 .text.abort    0x000000000800a6ac        0xe c:/st/stm32cubeide_1.7.0/stm32cubeide/plugins/com.st.stm32cube.ide.mcu.externaltools.gnu-tools-for-stm32.9-2020-q2-update.win32_2.0.0.202105311346/tools/bin/../lib/gcc/arm-none-eabi/9.3.1/../../../../arm-none-eabi/lib/thumb/v7e-m+fp/hard\libc_nano.a(lib_a-abort.o)
                0x000000000800a6ac                abort
 *fill*         0x000000000800a6ba        0x2 
 .text.__sflush_r
                0x000000000800a6bc      0x10c c:/st/stm32cubeide_1.7.0/stm32cubeide/plugins/com.st.stm32cube.ide.mcu.externaltools.gnu-tools-for-stm32.9-2020-q2-update.win32_2.0.0.202105311346/tools/bin/../lib/gcc/arm-none-eabi/9.3.1/../../../../arm-none-eabi/lib/thumb/v7e-m+fp/hard\libc_nano.a(lib_a-fflush.o)
                0x000000000800a6bc                __sflush_r
 .text._fflush_r
                0x000000000800a7c8       0x78 c:/st/stm32cubeide_1.7.0/stm32cubeide/plugins/com.st.stm32cube.ide.mcu.externaltools.gnu-tools-for-stm32.9-2020-q2-update.win32_2.0.0.202105311346/tools/bin/../lib/gcc/arm-none-eabi/9.3.1/../../../../arm-none-eabi/lib/thumb/v7e-m+fp/hard\libc_nano.a(lib_a-fflush.o)
                0x000000000800a7c8                _fflush_r
 .text.std      0x000000000800a840       0x48 c:/st/stm32cubeide_1.7.0/stm32cubeide/plugins/com.st.stm32cube.ide.mcu.externaltools.gnu-tools-for-stm32.9-2020-q2-update.win32_2.0.0.202105311346/tools/bin/../lib/gcc/arm-none-eabi/9.3.1/../../../../arm-none-eabi/lib/thumb/v7e-m+fp/hard\libc_nano.a(lib_a-findfp.o)
 .text._cleanup_r
                0x000000000800a888        0xc c:/st/stm32cubeide_1.7.0/stm32cubeide/plugins/com.st.stm32cube.ide.mcu.externaltools.gnu-tools-for-stm32.9-2020-q2-update.win32_2.0.0.202105311346/tools/bin/../lib/gcc/arm-none-eabi/9.3.1/../../../../arm-none-eabi/lib/thumb/v7e-m+fp/hard\libc_nano.a(lib_a-findfp.o)
                0x000000000800a888                _cleanup_r
 .text.__sfmoreglue
                0x000000000800a894       0x2c c:/st/stm32cubeide_1.7.0/stm32cubeide/plugins/com.st.stm32cube.ide.mcu.externaltools.gnu-tools-for-stm32.9-2020-q2-update.win32_2.0.0.202105311346/tools/bin/../lib/gcc/arm-none-eabi/9.3.1/../../../../arm-none-eabi/lib/thumb/v7e-m+fp/hard\libc_nano.a(lib_a-findfp.o)
                0x000000000800a894                __sfmoreglue
 .text.__sfp_lock_acquire
                0x000000000800a8c0        0xc c:/st/stm32cubeide_1.7.0/stm32cubeide/plugins/com.st.stm32cube.ide.mcu.externaltools.gnu-tools-for-stm32.9-2020-q2-update.win32_2.0.0.202105311346/tools/bin/../lib/gcc/arm-none-eabi/9.3.1/../../../../arm-none-eabi/lib/thumb/v7e-m+fp/hard\libc_nano.a(lib_a-findfp.o)
                0x000000000800a8c0                __sfp_lock_acquire
 .text.__sfp_lock_release
                0x000000000800a8cc        0xc c:/st/stm32cubeide_1.7.0/stm32cubeide/plugins/com.st.stm32cube.ide.mcu.externaltools.gnu-tools-for-stm32.9-2020-q2-update.win32_2.0.0.202105311346/tools/bin/../lib/gcc/arm-none-eabi/9.3.1/../../../../arm-none-eabi/lib/thumb/v7e-m+fp/hard\libc_nano.a(lib_a-findfp.o)
                0x000000000800a8cc                __sfp_lock_release
 .text.__sinit_lock_acquire
                0x000000000800a8d8        0xc c:/st/stm32cubeide_1.7.0/stm32cubeide/plugins/com.st.stm32cube.ide.mcu.externaltools.gnu-tools-for-stm32.9-2020-q2-update.win32_2.0.0.202105311346/tools/bin/../lib/gcc/arm-none-eabi/9.3.1/../../../../arm-none-eabi/lib/thumb/v7e-m+fp/hard\libc_nano.a(lib_a-findfp.o)
                0x000000000800a8d8                __sinit_lock_acquire
 .text.__sinit_lock_release
                0x000000000800a8e4        0xc c:/st/stm32cubeide_1.7.0/stm32cubeide/plugins/com.st.stm32cube.ide.mcu.externaltools.gnu-tools-for-stm32.9-2020-q2-update.win32_2.0.0.202105311346/tools/bin/../lib/gcc/arm-none-eabi/9.3.1/../../../../arm-none-eabi/lib/thumb/v7e-m+fp/hard\libc_nano.a(lib_a-findfp.o)
                0x000000000800a8e4                __sinit_lock_release
 .text.__sinit  0x000000000800a8f0       0x70 c:/st/stm32cubeide_1.7.0/stm32cubeide/plugins/com.st.stm32cube.ide.mcu.externaltools.gnu-tools-for-stm32.9-2020-q2-update.win32_2.0.0.202105311346/tools/bin/../lib/gcc/arm-none-eabi/9.3.1/../../../../arm-none-eabi/lib/thumb/v7e-m+fp/hard\libc_nano.a(lib_a-findfp.o)
                0x000000000800a8f0                __sinit
 .text.__sfp    0x000000000800a960       0x8c c:/st/stm32cubeide_1.7.0/stm32cubeide/plugins/com.st.stm32cube.ide.mcu.externaltools.gnu-tools-for-stm32.9-2020-q2-update.win32_2.0.0.202105311346/tools/bin/../lib/gcc/arm-none-eabi/9.3.1/../../../../arm-none-eabi/lib/thumb/v7e-m+fp/hard\libc_nano.a(lib_a-findfp.o)
                0x000000000800a960                __sfp
 .text._fwalk_reent
                0x000000000800a9ec       0x3e c:/st/stm32cubeide_1.7.0/stm32cubeide/plugins/com.st.stm32cube.ide.mcu.externaltools.gnu-tools-for-stm32.9-2020-q2-update.win32_2.0.0.202105311346/tools/bin/../lib/gcc/arm-none-eabi/9.3.1/../../../../arm-none-eabi/lib/thumb/v7e-m+fp/hard\libc_nano.a(lib_a-fwalk.o)
                0x000000000800a9ec                _fwalk_reent
 .text.__retarget_lock_init_recursive
                0x000000000800aa2a        0x2 c:/st/stm32cubeide_1.7.0/stm32cubeide/plugins/com.st.stm32cube.ide.mcu.externaltools.gnu-tools-for-stm32.9-2020-q2-update.win32_2.0.0.202105311346/tools/bin/../lib/gcc/arm-none-eabi/9.3.1/../../../../arm-none-eabi/lib/thumb/v7e-m+fp/hard\libc_nano.a(lib_a-lock.o)
                0x000000000800aa2a                __retarget_lock_init_recursive
 .text.__retarget_lock_acquire_recursive
                0x000000000800aa2c        0x2 c:/st/stm32cubeide_1.7.0/stm32cubeide/plugins/com.st.stm32cube.ide.mcu.externaltools.gnu-tools-for-stm32.9-2020-q2-update.win32_2.0.0.202105311346/tools/bin/../lib/gcc/arm-none-eabi/9.3.1/../../../../arm-none-eabi/lib/thumb/v7e-m+fp/hard\libc_nano.a(lib_a-lock.o)
                0x000000000800aa2c                __retarget_lock_acquire_recursive
 .text.__retarget_lock_release_recursive
                0x000000000800aa2e        0x2 c:/st/stm32cubeide_1.7.0/stm32cubeide/plugins/com.st.stm32cube.ide.mcu.externaltools.gnu-tools-for-stm32.9-2020-q2-update.win32_2.0.0.202105311346/tools/bin/../lib/gcc/arm-none-eabi/9.3.1/../../../../arm-none-eabi/lib/thumb/v7e-m+fp/hard\libc_nano.a(lib_a-lock.o)
                0x000000000800aa2e                __retarget_lock_release_recursive
 .text.__swhatbuf_r
                0x000000000800aa30       0x48 c:/st/stm32cubeide_1.7.0/stm32cubeide/plugins/com.st.stm32cube.ide.mcu.externaltools.gnu-tools-for-stm32.9-2020-q2-update.win32_2.0.0.202105311346/tools/bin/../lib/gcc/arm-none-eabi/9.3.1/../../../../arm-none-eabi/lib/thumb/v7e-m+fp/hard\libc_nano.a(lib_a-makebuf.o)
                0x000000000800aa30                __swhatbuf_r
 .text.__smakebuf_r
                0x000000000800aa78       0x80 c:/st/stm32cubeide_1.7.0/stm32cubeide/plugins/com.st.stm32cube.ide.mcu.externaltools.gnu-tools-for-stm32.9-2020-q2-update.win32_2.0.0.202105311346/tools/bin/../lib/gcc/arm-none-eabi/9.3.1/../../../../arm-none-eabi/lib/thumb/v7e-m+fp/hard\libc_nano.a(lib_a-makebuf.o)
                0x000000000800aa78                __smakebuf_r
 .text._raise_r
                0x000000000800aaf8       0x50 c:/st/stm32cubeide_1.7.0/stm32cubeide/plugins/com.st.stm32cube.ide.mcu.externaltools.gnu-tools-for-stm32.9-2020-q2-update.win32_2.0.0.202105311346/tools/bin/../lib/gcc/arm-none-eabi/9.3.1/../../../../arm-none-eabi/lib/thumb/v7e-m+fp/hard\libc_nano.a(lib_a-signal.o)
                0x000000000800aaf8                _raise_r
 .text.raise    0x000000000800ab48       0x10 c:/st/stm32cubeide_1.7.0/stm32cubeide/plugins/com.st.stm32cube.ide.mcu.externaltools.gnu-tools-for-stm32.9-2020-q2-update.win32_2.0.0.202105311346/tools/bin/../lib/gcc/arm-none-eabi/9.3.1/../../../../arm-none-eabi/lib/thumb/v7e-m+fp/hard\libc_nano.a(lib_a-signal.o)
                0x000000000800ab48                raise
 .text._kill_r  0x000000000800ab58       0x24 c:/st/stm32cubeide_1.7.0/stm32cubeide/plugins/com.st.stm32cube.ide.mcu.externaltools.gnu-tools-for-stm32.9-2020-q2-update.win32_2.0.0.202105311346/tools/bin/../lib/gcc/arm-none-eabi/9.3.1/../../../../arm-none-eabi/lib/thumb/v7e-m+fp/hard\libc_nano.a(lib_a-signalr.o)
                0x000000000800ab58                _kill_r
 .text._getpid_r
                0x000000000800ab7c        0x4 c:/st/stm32cubeide_1.7.0/stm32cubeide/plugins/com.st.stm32cube.ide.mcu.externaltools.gnu-tools-for-stm32.9-2020-q2-update.win32_2.0.0.202105311346/tools/bin/../lib/gcc/arm-none-eabi/9.3.1/../../../../arm-none-eabi/lib/thumb/v7e-m+fp/hard\libc_nano.a(lib_a-signalr.o)
                0x000000000800ab7c                _getpid_r
 .text.__sread  0x000000000800ab80       0x22 c:/st/stm32cubeide_1.7.0/stm32cubeide/plugins/com.st.stm32cube.ide.mcu.externaltools.gnu-tools-for-stm32.9-2020-q2-update.win32_2.0.0.202105311346/tools/bin/../lib/gcc/arm-none-eabi/9.3.1/../../../../arm-none-eabi/lib/thumb/v7e-m+fp/hard\libc_nano.a(lib_a-stdio.o)
                0x000000000800ab80                __sread
 .text.__swrite
                0x000000000800aba2       0x38 c:/st/stm32cubeide_1.7.0/stm32cubeide/plugins/com.st.stm32cube.ide.mcu.externaltools.gnu-tools-for-stm32.9-2020-q2-update.win32_2.0.0.202105311346/tools/bin/../lib/gcc/arm-none-eabi/9.3.1/../../../../arm-none-eabi/lib/thumb/v7e-m+fp/hard\libc_nano.a(lib_a-stdio.o)
                0x000000000800aba2                __swrite
 .text.__sseek  0x000000000800abda       0x24 c:/st/stm32cubeide_1.7.0/stm32cubeide/plugins/com.st.stm32cube.ide.mcu.externaltools.gnu-tools-for-stm32.9-2020-q2-update.win32_2.0.0.202105311346/tools/bin/../lib/gcc/arm-none-eabi/9.3.1/../../../../arm-none-eabi/lib/thumb/v7e-m+fp/hard\libc_nano.a(lib_a-stdio.o)
                0x000000000800abda                __sseek
 .text.__sclose
                0x000000000800abfe        0x8 c:/st/stm32cubeide_1.7.0/stm32cubeide/plugins/com.st.stm32cube.ide.mcu.externaltools.gnu-tools-for-stm32.9-2020-q2-update.win32_2.0.0.202105311346/tools/bin/../lib/gcc/arm-none-eabi/9.3.1/../../../../arm-none-eabi/lib/thumb/v7e-m+fp/hard\libc_nano.a(lib_a-stdio.o)
                0x000000000800abfe                __sclose
 *fill*         0x000000000800ac06        0x2 
 .text._write_r
                0x000000000800ac08       0x24 c:/st/stm32cubeide_1.7.0/stm32cubeide/plugins/com.st.stm32cube.ide.mcu.externaltools.gnu-tools-for-stm32.9-2020-q2-update.win32_2.0.0.202105311346/tools/bin/../lib/gcc/arm-none-eabi/9.3.1/../../../../arm-none-eabi/lib/thumb/v7e-m+fp/hard\libc_nano.a(lib_a-writer.o)
                0x000000000800ac08                _write_r
 .text._close_r
                0x000000000800ac2c       0x20 c:/st/stm32cubeide_1.7.0/stm32cubeide/plugins/com.st.stm32cube.ide.mcu.externaltools.gnu-tools-for-stm32.9-2020-q2-update.win32_2.0.0.202105311346/tools/bin/../lib/gcc/arm-none-eabi/9.3.1/../../../../arm-none-eabi/lib/thumb/v7e-m+fp/hard\libc_nano.a(lib_a-closer.o)
                0x000000000800ac2c                _close_r
 .text._fstat_r
                0x000000000800ac4c       0x24 c:/st/stm32cubeide_1.7.0/stm32cubeide/plugins/com.st.stm32cube.ide.mcu.externaltools.gnu-tools-for-stm32.9-2020-q2-update.win32_2.0.0.202105311346/tools/bin/../lib/gcc/arm-none-eabi/9.3.1/../../../../arm-none-eabi/lib/thumb/v7e-m+fp/hard\libc_nano.a(lib_a-fstatr.o)
                0x000000000800ac4c                _fstat_r
 .text._isatty_r
                0x000000000800ac70       0x20 c:/st/stm32cubeide_1.7.0/stm32cubeide/plugins/com.st.stm32cube.ide.mcu.externaltools.gnu-tools-for-stm32.9-2020-q2-update.win32_2.0.0.202105311346/tools/bin/../lib/gcc/arm-none-eabi/9.3.1/../../../../arm-none-eabi/lib/thumb/v7e-m+fp/hard\libc_nano.a(lib_a-isattyr.o)
                0x000000000800ac70                _isatty_r
 .text._lseek_r
                0x000000000800ac90       0x24 c:/st/stm32cubeide_1.7.0/stm32cubeide/plugins/com.st.stm32cube.ide.mcu.externaltools.gnu-tools-for-stm32.9-2020-q2-update.win32_2.0.0.202105311346/tools/bin/../lib/gcc/arm-none-eabi/9.3.1/../../../../arm-none-eabi/lib/thumb/v7e-m+fp/hard\libc_nano.a(lib_a-lseekr.o)
                0x000000000800ac90                _lseek_r
 .text._read_r  0x000000000800acb4       0x24 c:/st/stm32cubeide_1.7.0/stm32cubeide/plugins/com.st.stm32cube.ide.mcu.externaltools.gnu-tools-for-stm32.9-2020-q2-update.win32_2.0.0.202105311346/tools/bin/../lib/gcc/arm-none-eabi/9.3.1/../../../../arm-none-eabi/lib/thumb/v7e-m+fp/hard\libc_nano.a(lib_a-readr.o)
                0x000000000800acb4                _read_r
 .text.sqrt     0x000000000800acd8       0x68 c:/st/stm32cubeide_1.7.0/stm32cubeide/plugins/com.st.stm32cube.ide.mcu.externaltools.gnu-tools-for-stm32.9-2020-q2-update.win32_2.0.0.202105311346/tools/bin/../lib/gcc/arm-none-eabi/9.3.1/../../../../arm-none-eabi/lib/thumb/v7e-m+fp/hard\libm.a(lib_a-w_sqrt.o)
                0x000000000800acd8                sqrt
 .text.__ieee754_sqrt
                0x000000000800ad40      0x168 c:/st/stm32cubeide_1.7.0/stm32cubeide/plugins/com.st.stm32cube.ide.mcu.externaltools.gnu-tools-for-stm32.9-2020-q2-update.win32_2.0.0.202105311346/tools/bin/../lib/gcc/arm-none-eabi/9.3.1/../../../../arm-none-eabi/lib/thumb/v7e-m+fp/hard\libm.a(lib_a-e_sqrt.o)
                0x000000000800ad40                __ieee754_sqrt
 *(.glue_7)
 .glue_7        0x000000000800aea8        0x0 linker stubs
 *(.glue_7t)
 .glue_7t       0x000000000800aea8        0x0 linker stubs
 *(.eh_frame)
 .eh_frame      0x000000000800aea8        0x0 c:/st/stm32cubeide_1.7.0/stm32cubeide/plugins/com.st.stm32cube.ide.mcu.externaltools.gnu-tools-for-stm32.9-2020-q2-update.win32_2.0.0.202105311346/tools/bin/../lib/gcc/arm-none-eabi/9.3.1/thumb/v7e-m+fp/hard/crtbegin.o
 *(.init)
 .init          0x000000000800aea8        0x4 c:/st/stm32cubeide_1.7.0/stm32cubeide/plugins/com.st.stm32cube.ide.mcu.externaltools.gnu-tools-for-stm32.9-2020-q2-update.win32_2.0.0.202105311346/tools/bin/../lib/gcc/arm-none-eabi/9.3.1/thumb/v7e-m+fp/hard/crti.o
                0x000000000800aea8                _init
 .init          0x000000000800aeac        0x8 c:/st/stm32cubeide_1.7.0/stm32cubeide/plugins/com.st.stm32cube.ide.mcu.externaltools.gnu-tools-for-stm32.9-2020-q2-update.win32_2.0.0.202105311346/tools/bin/../lib/gcc/arm-none-eabi/9.3.1/thumb/v7e-m+fp/hard/crtn.o
 *(.fini)
 .fini          0x000000000800aeb4        0x4 c:/st/stm32cubeide_1.7.0/stm32cubeide/plugins/com.st.stm32cube.ide.mcu.externaltools.gnu-tools-for-stm32.9-2020-q2-update.win32_2.0.0.202105311346/tools/bin/../lib/gcc/arm-none-eabi/9.3.1/thumb/v7e-m+fp/hard/crti.o
                0x000000000800aeb4                _fini
 .fini          0x000000000800aeb8        0x8 c:/st/stm32cubeide_1.7.0/stm32cubeide/plugins/com.st.stm32cube.ide.mcu.externaltools.gnu-tools-for-stm32.9-2020-q2-update.win32_2.0.0.202105311346/tools/bin/../lib/gcc/arm-none-eabi/9.3.1/thumb/v7e-m+fp/hard/crtn.o
                0x000000000800aec0                . = ALIGN (0x4)
                0x000000000800aec0                _etext = .

.vfp11_veneer   0x000000000800aec0        0x0
 .vfp11_veneer  0x000000000800aec0        0x0 linker stubs

.v4_bx          0x000000000800aec0        0x0
 .v4_bx         0x000000000800aec0        0x0 linker stubs

.iplt           0x000000000800aec0        0x0
 .iplt          0x000000000800aec0        0x0 c:/st/stm32cubeide_1.7.0/stm32cubeide/plugins/com.st.stm32cube.ide.mcu.externaltools.gnu-tools-for-stm32.9-2020-q2-update.win32_2.0.0.202105311346/tools/bin/../lib/gcc/arm-none-eabi/9.3.1/thumb/v7e-m+fp/hard/crtbegin.o

.rodata         0x000000000800aec0     0x3210
                0x000000000800aec0                . = ALIGN (0x4)
 *(.rodata)
 .rodata        0x000000000800aec0        0x8 ./Core/Src/fsm.o
 .rodata        0x000000000800aec8        0xe ./Core/Src/main.o
 *fill*         0x000000000800aed6        0x2 
 .rodata        0x000000000800aed8       0x2b ./Core/Src/screen.o
 *fill*         0x000000000800af03        0x1 
 .rodata        0x000000000800af04       0xe0 ./Core/Src/touch.o
 *(.rodata*)
 .rodata.ascii_1608
                0x000000000800afe4      0x5f0 ./Core/Src/lcd.o
                0x000000000800afe4                ascii_1608
 .rodata.ascii_2412
                0x000000000800b5d4     0x11d0 ./Core/Src/lcd.o
                0x000000000800b5d4                ascii_2412
 .rodata.ascii_3216
                0x000000000800c7a4     0x17c0 ./Core/Src/lcd.o
                0x000000000800c7a4                ascii_3216
 .rodata.AHBPrescTable
                0x000000000800df64       0x10 ./Core/Src/system_stm32f4xx.o
                0x000000000800df64                AHBPrescTable
 .rodata.APBPrescTable
                0x000000000800df74        0x8 ./Core/Src/system_stm32f4xx.o
                0x000000000800df74                APBPrescTable
 .rodata.flagBitshiftOffset.9376
                0x000000000800df7c        0x8 ./Drivers/STM32F4xx_HAL_Driver/Src/stm32f4xx_hal_dma.o
 .rodata._global_impure_ptr
                0x000000000800df84        0x4 c:/st/stm32cubeide_1.7.0/stm32cubeide/plugins/com.st.stm32cube.ide.mcu.externaltools.gnu-tools-for-stm32.9-2020-q2-update.win32_2.0.0.202105311346/tools/bin/../lib/gcc/arm-none-eabi/9.3.1/../../../../arm-none-eabi/lib/thumb/v7e-m+fp/hard\libc_nano.a(lib_a-impure.o)
                0x000000000800df84                _global_impure_ptr
 .rodata.srand.str1.1
                0x000000000800df88       0x76 c:/st/stm32cubeide_1.7.0/stm32cubeide/plugins/com.st.stm32cube.ide.mcu.externaltools.gnu-tools-for-stm32.9-2020-q2-update.win32_2.0.0.202105311346/tools/bin/../lib/gcc/arm-none-eabi/9.3.1/../../../../arm-none-eabi/lib/thumb/v7e-m+fp/hard\libc_nano.a(lib_a-rand.o)
 .rodata.__assert_func.str1.1
                0x000000000800dffe       0x3c c:/st/stm32cubeide_1.7.0/stm32cubeide/plugins/com.st.stm32cube.ide.mcu.externaltools.gnu-tools-for-stm32.9-2020-q2-update.win32_2.0.0.202105311346/tools/bin/../lib/gcc/arm-none-eabi/9.3.1/../../../../arm-none-eabi/lib/thumb/v7e-m+fp/hard\libc_nano.a(lib_a-assert.o)
                                         0x3d (size before relaxing)
 .rodata._vfprintf_r.str1.1
                0x000000000800e03a       0x11 c:/st/stm32cubeide_1.7.0/stm32cubeide/plugins/com.st.stm32cube.ide.mcu.externaltools.gnu-tools-for-stm32.9-2020-q2-update.win32_2.0.0.202105311346/tools/bin/../lib/gcc/arm-none-eabi/9.3.1/../../../../arm-none-eabi/lib/thumb/v7e-m+fp/hard\libc_nano.a(lib_a-nano-vfprintf.o)
 .rodata._printf_i.str1.1
                0x000000000800e04b       0x22 c:/st/stm32cubeide_1.7.0/stm32cubeide/plugins/com.st.stm32cube.ide.mcu.externaltools.gnu-tools-for-stm32.9-2020-q2-update.win32_2.0.0.202105311346/tools/bin/../lib/gcc/arm-none-eabi/9.3.1/../../../../arm-none-eabi/lib/thumb/v7e-m+fp/hard\libc_nano.a(lib_a-nano-vfprintf_i.o)
 *fill*         0x000000000800e06d        0x3 
 .rodata.__sf_fake_stderr
                0x000000000800e070       0x20 c:/st/stm32cubeide_1.7.0/stm32cubeide/plugins/com.st.stm32cube.ide.mcu.externaltools.gnu-tools-for-stm32.9-2020-q2-update.win32_2.0.0.202105311346/tools/bin/../lib/gcc/arm-none-eabi/9.3.1/../../../../arm-none-eabi/lib/thumb/v7e-m+fp/hard\libc_nano.a(lib_a-findfp.o)
                0x000000000800e070                __sf_fake_stderr
 .rodata.__sf_fake_stdin
                0x000000000800e090       0x20 c:/st/stm32cubeide_1.7.0/stm32cubeide/plugins/com.st.stm32cube.ide.mcu.externaltools.gnu-tools-for-stm32.9-2020-q2-update.win32_2.0.0.202105311346/tools/bin/../lib/gcc/arm-none-eabi/9.3.1/../../../../arm-none-eabi/lib/thumb/v7e-m+fp/hard\libc_nano.a(lib_a-findfp.o)
                0x000000000800e090                __sf_fake_stdin
 .rodata.__sf_fake_stdout
                0x000000000800e0b0       0x20 c:/st/stm32cubeide_1.7.0/stm32cubeide/plugins/com.st.stm32cube.ide.mcu.externaltools.gnu-tools-for-stm32.9-2020-q2-update.win32_2.0.0.202105311346/tools/bin/../lib/gcc/arm-none-eabi/9.3.1/../../../../arm-none-eabi/lib/thumb/v7e-m+fp/hard\libc_nano.a(lib_a-findfp.o)
                0x000000000800e0b0                __sf_fake_stdout
                0x000000000800e0d0                . = ALIGN (0x4)

.ARM.extab      0x000000000800e0d0        0x0
                0x000000000800e0d0                . = ALIGN (0x4)
 *(.ARM.extab* .gnu.linkonce.armextab.*)
                0x000000000800e0d0                . = ALIGN (0x4)

.ARM            0x000000000800e0d0        0x8
                0x000000000800e0d0                . = ALIGN (0x4)
                0x000000000800e0d0                __exidx_start = .
 *(.ARM.exidx*)
 .ARM.exidx     0x000000000800e0d0        0x8 c:/st/stm32cubeide_1.7.0/stm32cubeide/plugins/com.st.stm32cube.ide.mcu.externaltools.gnu-tools-for-stm32.9-2020-q2-update.win32_2.0.0.202105311346/tools/bin/../lib/gcc/arm-none-eabi/9.3.1/thumb/v7e-m+fp/hard\libgcc.a(_udivmoddi4.o)
                0x000000000800e0d8                __exidx_end = .
                0x000000000800e0d8                . = ALIGN (0x4)

.rel.dyn        0x000000000800e0d8        0x0
 .rel.iplt      0x000000000800e0d8        0x0 c:/st/stm32cubeide_1.7.0/stm32cubeide/plugins/com.st.stm32cube.ide.mcu.externaltools.gnu-tools-for-stm32.9-2020-q2-update.win32_2.0.0.202105311346/tools/bin/../lib/gcc/arm-none-eabi/9.3.1/thumb/v7e-m+fp/hard/crtbegin.o

.preinit_array  0x000000000800e0d8        0x0
                0x000000000800e0d8                . = ALIGN (0x4)
                0x000000000800e0d8                PROVIDE (__preinit_array_start = .)
 *(.preinit_array*)
                0x000000000800e0d8                PROVIDE (__preinit_array_end = .)
                0x000000000800e0d8                . = ALIGN (0x4)

.init_array     0x000000000800e0d8        0x4
                0x000000000800e0d8                . = ALIGN (0x4)
                0x000000000800e0d8                PROVIDE (__init_array_start = .)
 *(SORT_BY_NAME(.init_array.*))
 *(.init_array*)
 .init_array    0x000000000800e0d8        0x4 c:/st/stm32cubeide_1.7.0/stm32cubeide/plugins/com.st.stm32cube.ide.mcu.externaltools.gnu-tools-for-stm32.9-2020-q2-update.win32_2.0.0.202105311346/tools/bin/../lib/gcc/arm-none-eabi/9.3.1/thumb/v7e-m+fp/hard/crtbegin.o
                0x000000000800e0dc                PROVIDE (__init_array_end = .)
                0x000000000800e0dc                . = ALIGN (0x4)

.fini_array     0x000000000800e0dc        0x4
                0x000000000800e0dc                . = ALIGN (0x4)
                [!provide]                        PROVIDE (__fini_array_start = .)
 *(SORT_BY_NAME(.fini_array.*))
 *(.fini_array*)
 .fini_array    0x000000000800e0dc        0x4 c:/st/stm32cubeide_1.7.0/stm32cubeide/plugins/com.st.stm32cube.ide.mcu.externaltools.gnu-tools-for-stm32.9-2020-q2-update.win32_2.0.0.202105311346/tools/bin/../lib/gcc/arm-none-eabi/9.3.1/thumb/v7e-m+fp/hard/crtbegin.o
                [!provide]                        PROVIDE (__fini_array_end = .)
                0x000000000800e0e0                . = ALIGN (0x4)
                0x000000000800e0e0                _sidata = LOADADDR (.data)

.data           0x0000000020000000       0xd8 load address 0x000000000800e0e0
                0x0000000020000000                . = ALIGN (0x4)
                0x0000000020000000                _sdata = .
 *(.data)
 *(.data*)
 .data.speed    0x0000000020000000        0x4 ./Core/Src/fsm.o
                0x0000000020000000                speed
 .data.countdown
                0x0000000020000004        0x4 ./Core/Src/fsm.o
                0x0000000020000004                countdown
 .data.led7seg  0x0000000020000008        0x4 ./Core/Src/led_7seg.o
                0x0000000020000008                led7seg
 .data.spi_buffer
                0x000000002000000c        0x2 ./Core/Src/led_7seg.o
                0x000000002000000c                spi_buffer
 *fill*         0x000000002000000e        0x2 
 .data.size_of_snake
                0x0000000020000010        0x4 ./Core/Src/snake.o
                0x0000000020000010                size_of_snake
 .data.snake_speed
                0x0000000020000014        0x8 ./Core/Src/snake.o
                0x0000000020000014                snake_speed
 .data.sw_up    0x000000002000001c        0x4 ./Core/Src/snake.o
                0x000000002000001c                sw_up
 .data.sw_down  0x0000000020000020        0x4 ./Core/Src/snake.o
                0x0000000020000020                sw_down
 .data.sw_right
                0x0000000020000024        0x4 ./Core/Src/snake.o
                0x0000000020000024                sw_right
 .data.sw_left  0x0000000020000028        0x4 ./Core/Src/snake.o
                0x0000000020000028                sw_left
 .data.SystemCoreClock
                0x000000002000002c        0x4 ./Core/Src/system_stm32f4xx.o
                0x000000002000002c                SystemCoreClock
 .data.tp_dev   0x0000000020000030       0x34 ./Core/Src/touch.o
                0x0000000020000030                tp_dev
 .data.CMD_RDX  0x0000000020000064        0x1 ./Core/Src/touch.o
                0x0000000020000064                CMD_RDX
 .data.CMD_RDY  0x0000000020000065        0x1 ./Core/Src/touch.o
                0x0000000020000065                CMD_RDY
 *fill*         0x0000000020000066        0x2 
 .data.uwTickPrio
                0x0000000020000068        0x4 ./Drivers/STM32F4xx_HAL_Driver/Src/stm32f4xx_hal.o
                0x0000000020000068                uwTickPrio
 .data.uwTickFreq
                0x000000002000006c        0x1 ./Drivers/STM32F4xx_HAL_Driver/Src/stm32f4xx_hal.o
                0x000000002000006c                uwTickFreq
 *fill*         0x000000002000006d        0x3 
 .data._impure_ptr
                0x0000000020000070        0x4 c:/st/stm32cubeide_1.7.0/stm32cubeide/plugins/com.st.stm32cube.ide.mcu.externaltools.gnu-tools-for-stm32.9-2020-q2-update.win32_2.0.0.202105311346/tools/bin/../lib/gcc/arm-none-eabi/9.3.1/../../../../arm-none-eabi/lib/thumb/v7e-m+fp/hard\libc_nano.a(lib_a-impure.o)
                0x0000000020000070                _impure_ptr
 .data.impure_data
                0x0000000020000074       0x60 c:/st/stm32cubeide_1.7.0/stm32cubeide/plugins/com.st.stm32cube.ide.mcu.externaltools.gnu-tools-for-stm32.9-2020-q2-update.win32_2.0.0.202105311346/tools/bin/../lib/gcc/arm-none-eabi/9.3.1/../../../../arm-none-eabi/lib/thumb/v7e-m+fp/hard\libc_nano.a(lib_a-impure.o)
 .data.__fdlib_version
                0x00000000200000d4        0x1 c:/st/stm32cubeide_1.7.0/stm32cubeide/plugins/com.st.stm32cube.ide.mcu.externaltools.gnu-tools-for-stm32.9-2020-q2-update.win32_2.0.0.202105311346/tools/bin/../lib/gcc/arm-none-eabi/9.3.1/../../../../arm-none-eabi/lib/thumb/v7e-m+fp/hard\libm.a(lib_a-s_lib_ver.o)
                0x00000000200000d4                __fdlib_version
 *(.RamFunc)
 *(.RamFunc*)
                0x00000000200000d8                . = ALIGN (0x4)
 *fill*         0x00000000200000d5        0x3 
                0x00000000200000d8                _edata = .
                0x000000000800e1b8                _siccmram = LOADADDR (.ccmram)

.igot.plt       0x00000000200000d8        0x0 load address 0x000000000800e1b8
 .igot.plt      0x00000000200000d8        0x0 c:/st/stm32cubeide_1.7.0/stm32cubeide/plugins/com.st.stm32cube.ide.mcu.externaltools.gnu-tools-for-stm32.9-2020-q2-update.win32_2.0.0.202105311346/tools/bin/../lib/gcc/arm-none-eabi/9.3.1/thumb/v7e-m+fp/hard/crtbegin.o

.ccmram         0x0000000010000000        0x0 load address 0x000000000800e1b8
                0x0000000010000000                . = ALIGN (0x4)
                0x0000000010000000                _sccmram = .
 *(.ccmram)
 *(.ccmram*)
                0x0000000010000000                . = ALIGN (0x4)
                0x0000000010000000                _eccmram = .
                0x0000000010000000                . = ALIGN (0x4)

.bss            0x00000000200000d8      0xd74
                0x00000000200000d8                _sbss = .
                0x00000000200000d8                __bss_start__ = _sbss
 *(.bss)
 .bss           0x00000000200000d8       0x1c c:/st/stm32cubeide_1.7.0/stm32cubeide/plugins/com.st.stm32cube.ide.mcu.externaltools.gnu-tools-for-stm32.9-2020-q2-update.win32_2.0.0.202105311346/tools/bin/../lib/gcc/arm-none-eabi/9.3.1/thumb/v7e-m+fp/hard/crtbegin.o
 *(.bss*)
 .bss.status    0x00000000200000f4        0x4 ./Core/Src/fsm.o
                0x00000000200000f4                status
 .bss.count     0x00000000200000f8        0x4 ./Core/Src/fsm.o
                0x00000000200000f8                count
 .bss.send_flag
                0x00000000200000fc        0x4 ./Core/Src/fsm.o
                0x00000000200000fc                send_flag
 .bss.FSMC_Initialized
                0x0000000020000100        0x4 ./Core/Src/fsmc.o
 .bss.led7_index
                0x0000000020000104        0x4 ./Core/Src/led_7seg.o
                0x0000000020000104                led7_index
 .bss.draw_grid
                0x0000000020000108      0x780 ./Core/Src/snake.o
                0x0000000020000108                draw_grid
 .bss.snake_pos
                0x0000000020000888       0xc0 ./Core/Src/snake.o
                0x0000000020000888                snake_pos
 .bss.old_poshx
                0x0000000020000948        0x4 ./Core/Src/snake.o
                0x0000000020000948                old_poshx
 .bss.old_poshy
                0x000000002000094c        0x4 ./Core/Src/snake.o
                0x000000002000094c                old_poshy
 .bss.pos_head  0x0000000020000950        0x8 ./Core/Src/snake.o
                0x0000000020000950                pos_head
 .bss.score     0x0000000020000958        0x1 ./Core/Src/snake.o
                0x0000000020000958                score
 *fill*         0x0000000020000959        0x3 
 .bss.lose      0x000000002000095c        0x4 ./Core/Src/snake.o
                0x000000002000095c                lose
 .bss.flag_timer2
                0x0000000020000960        0x2 ./Core/Src/software_timer.o
                0x0000000020000960                flag_timer2
 .bss.timer2_counter
                0x0000000020000962        0x2 ./Core/Src/software_timer.o
                0x0000000020000962                timer2_counter
 .bss.timer2_MUL
                0x0000000020000964        0x2 ./Core/Src/software_timer.o
                0x0000000020000964                timer2_MUL
 .bss.flag_timer3
                0x0000000020000966        0x2 ./Core/Src/software_timer.o
                0x0000000020000966                flag_timer3
 .bss.timer3_counter
                0x0000000020000968        0x2 ./Core/Src/software_timer.o
                0x0000000020000968                timer3_counter
 .bss.timer3_MUL
                0x000000002000096a        0x2 ./Core/Src/software_timer.o
                0x000000002000096a                timer3_MUL
 .bss.flag_timer4
                0x000000002000096c        0x2 ./Core/Src/software_timer.o
                0x000000002000096c                flag_timer4
 .bss.timer4_counter
                0x000000002000096e        0x2 ./Core/Src/software_timer.o
                0x000000002000096e                timer4_counter
 .bss.timer4_MUL
                0x0000000020000970        0x2 ./Core/Src/software_timer.o
                0x0000000020000970                timer4_MUL
 .bss.flag_timer5
                0x0000000020000972        0x2 ./Core/Src/software_timer.o
                0x0000000020000972                flag_timer5
 .bss.timer5_counter
                0x0000000020000974        0x2 ./Core/Src/software_timer.o
                0x0000000020000974                timer5_counter
 .bss.timer5_MUL
                0x0000000020000976        0x2 ./Core/Src/software_timer.o
                0x0000000020000976                timer5_MUL
 .bss.flag_timer6
                0x0000000020000978        0x2 ./Core/Src/software_timer.o
                0x0000000020000978                flag_timer6
 .bss.timer6_counter
                0x000000002000097a        0x2 ./Core/Src/software_timer.o
                0x000000002000097a                timer6_counter
 .bss.timer6_MUL
                0x000000002000097c        0x2 ./Core/Src/software_timer.o
                0x000000002000097c                timer6_MUL
 .bss.flag_timer7
                0x000000002000097e        0x2 ./Core/Src/software_timer.o
                0x000000002000097e                flag_timer7
 .bss.timer7_counter
                0x0000000020000980        0x2 ./Core/Src/software_timer.o
                0x0000000020000980                timer7_counter
 .bss.timer7_MUL
                0x0000000020000982        0x2 ./Core/Src/software_timer.o
                0x0000000020000982                timer7_MUL
 .bss.__sbrk_heap_end
                0x0000000020000984        0x4 ./Core/Src/sysmem.o
 .bss.receive_buffer1
                0x0000000020000988        0x1 ./Core/Src/uart.o
                0x0000000020000988                receive_buffer1
 .bss.rxHead    0x0000000020000989        0x1 ./Core/Src/uart.o
                0x0000000020000989                rxHead
 *fill*         0x000000002000098a        0x2 
 .bss.__malloc_free_list
                0x000000002000098c        0x4 c:/st/stm32cubeide_1.7.0/stm32cubeide/plugins/com.st.stm32cube.ide.mcu.externaltools.gnu-tools-for-stm32.9-2020-q2-update.win32_2.0.0.202105311346/tools/bin/../lib/gcc/arm-none-eabi/9.3.1/../../../../arm-none-eabi/lib/thumb/v7e-m+fp/hard\libc_nano.a(lib_a-nano-mallocr.o)
                0x000000002000098c                __malloc_free_list
 .bss.__malloc_sbrk_start
                0x0000000020000990        0x4 c:/st/stm32cubeide_1.7.0/stm32cubeide/plugins/com.st.stm32cube.ide.mcu.externaltools.gnu-tools-for-stm32.9-2020-q2-update.win32_2.0.0.202105311346/tools/bin/../lib/gcc/arm-none-eabi/9.3.1/../../../../arm-none-eabi/lib/thumb/v7e-m+fp/hard\libc_nano.a(lib_a-nano-mallocr.o)
                0x0000000020000990                __malloc_sbrk_start
 *(COMMON)
 COMMON         0x0000000020000994       0xa8 ./Core/Src/adc.o
                0x0000000020000994                hadc1
                0x00000000200009dc                hdma_adc1
 COMMON         0x0000000020000a3c       0x50 ./Core/Src/fsmc.o
                0x0000000020000a3c                hsram1
 COMMON         0x0000000020000a8c       0x54 ./Core/Src/i2c.o
                0x0000000020000a8c                hi2c1
 COMMON         0x0000000020000ae0       0x3a ./Core/Src/lcd.o
                0x0000000020000ae0                lcddev
                0x0000000020000ae8                s
 *fill*         0x0000000020000b1a        0x2 
 COMMON         0x0000000020000b1c       0x58 ./Core/Src/spi.o
                0x0000000020000b1c                hspi1
 COMMON         0x0000000020000b74       0xd8 ./Core/Src/tim.o
                0x0000000020000b74                htim13
                0x0000000020000bbc                htim1
                0x0000000020000c04                htim2
 COMMON         0x0000000020000c4c      0x164 ./Core/Src/uart.o
                0x0000000020000c4c                msg
                0x0000000020000cb0                rxBuffer
 COMMON         0x0000000020000db0       0x88 ./Core/Src/usart.o
                0x0000000020000db0                huart1
                0x0000000020000df4                huart2
 COMMON         0x0000000020000e38        0x4 ./Drivers/STM32F4xx_HAL_Driver/Src/stm32f4xx_hal.o
                0x0000000020000e38                uwTick